Archive member included to satisfy reference by file (symbol)

app/libapp.a(main.c.obj)      (--whole-archive)
zephyr/libzephyr.a(cbprintf_packaged.c.obj)
                              (--whole-archive)
zephyr/libzephyr.a(dec.c.obj)
                              (--whole-archive)
zephyr/libzephyr.a(fdtable.c.obj)
                              (--whole-archive)
zephyr/libzephyr.a(hex.c.obj)
                              (--whole-archive)
zephyr/libzephyr.a(printk.c.obj)
                              (--whole-archive)
zephyr/libzephyr.a(rb.c.obj)  (--whole-archive)
zephyr/libzephyr.a(sem.c.obj)
                              (--whole-archive)
zephyr/libzephyr.a(thread_entry.c.obj)
                              (--whole-archive)
zephyr/libzephyr.a(timeutil.c.obj)
                              (--whole-archive)
zephyr/libzephyr.a(heap.c.obj)
                              (--whole-archive)
zephyr/libzephyr.a(heap-validate.c.obj)
                              (--whole-archive)
zephyr/libzephyr.a(bitarray.c.obj)
                              (--whole-archive)
zephyr/libzephyr.a(multi_heap.c.obj)
                              (--whole-archive)
zephyr/libzephyr.a(crc32c_sw.c.obj)
                              (--whole-archive)
zephyr/libzephyr.a(crc32_sw.c.obj)
                              (--whole-archive)
zephyr/libzephyr.a(crc16_sw.c.obj)
                              (--whole-archive)
zephyr/libzephyr.a(crc8_sw.c.obj)
                              (--whole-archive)
zephyr/libzephyr.a(crc7_sw.c.obj)
                              (--whole-archive)
zephyr/libzephyr.a(cbprintf_complete.c.obj)
                              (--whole-archive)
zephyr/libzephyr.a(cbprintf.c.obj)
                              (--whole-archive)
zephyr/libzephyr.a(assert.c.obj)
                              (--whole-archive)
zephyr/libzephyr.a(configs.c.obj)
                              (--whole-archive)
zephyr/libzephyr.a(tracing_none.c.obj)
                              (--whole-archive)
zephyr/arch/common/libarch__common.a(sw_isr_common.c.obj)
                              (--whole-archive)
zephyr/arch/arch/arm/core/aarch32/libarch__arm__core__aarch32.a(cpu_idle.S.obj)
                              (--whole-archive)
zephyr/arch/arch/arm/core/aarch32/libarch__arm__core__aarch32.a(fatal.c.obj)
                              (--whole-archive)
zephyr/arch/arch/arm/core/aarch32/libarch__arm__core__aarch32.a(irq_manage.c.obj)
                              (--whole-archive)
zephyr/arch/arch/arm/core/aarch32/libarch__arm__core__aarch32.a(nmi.c.obj)
                              (--whole-archive)
zephyr/arch/arch/arm/core/aarch32/libarch__arm__core__aarch32.a(nmi_on_reset.S.obj)
                              (--whole-archive)
zephyr/arch/arch/arm/core/aarch32/libarch__arm__core__aarch32.a(prep_c.c.obj)
                              (--whole-archive)
zephyr/arch/arch/arm/core/aarch32/libarch__arm__core__aarch32.a(swap.c.obj)
                              (--whole-archive)
zephyr/arch/arch/arm/core/aarch32/libarch__arm__core__aarch32.a(swap_helper.S.obj)
                              (--whole-archive)
zephyr/arch/arch/arm/core/aarch32/libarch__arm__core__aarch32.a(thread.c.obj)
                              (--whole-archive)
zephyr/arch/arch/arm/core/aarch32/libarch__arm__core__aarch32.a(isr_wrapper.S.obj)
                              (--whole-archive)
zephyr/arch/arch/arm/core/aarch32/cortex_m/libarch__arm__core__aarch32__cortex_m.a(exc_exit.S.obj)
                              (--whole-archive)
zephyr/arch/arch/arm/core/aarch32/cortex_m/libarch__arm__core__aarch32__cortex_m.a(fault.c.obj)
                              (--whole-archive)
zephyr/arch/arch/arm/core/aarch32/cortex_m/libarch__arm__core__aarch32__cortex_m.a(fault_s.S.obj)
                              (--whole-archive)
zephyr/arch/arch/arm/core/aarch32/cortex_m/libarch__arm__core__aarch32__cortex_m.a(fpu.c.obj)
                              (--whole-archive)
zephyr/arch/arch/arm/core/aarch32/cortex_m/libarch__arm__core__aarch32__cortex_m.a(irq_init.c.obj)
                              (--whole-archive)
zephyr/arch/arch/arm/core/aarch32/cortex_m/libarch__arm__core__aarch32__cortex_m.a(reset.S.obj)
                              (--whole-archive)
zephyr/arch/arch/arm/core/aarch32/cortex_m/libarch__arm__core__aarch32__cortex_m.a(scb.c.obj)
                              (--whole-archive)
zephyr/arch/arch/arm/core/aarch32/cortex_m/libarch__arm__core__aarch32__cortex_m.a(thread_abort.c.obj)
                              (--whole-archive)
zephyr/arch/arch/arm/core/aarch32/cortex_m/libarch__arm__core__aarch32__cortex_m.a(vector_table.S.obj)
                              (--whole-archive)
zephyr/lib/libc/minimal/liblib__libc__minimal.a(abort.c.obj)
                              (--whole-archive)
zephyr/lib/libc/minimal/liblib__libc__minimal.a(atoi.c.obj)
                              (--whole-archive)
zephyr/lib/libc/minimal/liblib__libc__minimal.a(strtol.c.obj)
[...]
Memory Configuration

Name             Origin             Length             Attributes
BOOT_FLASH       0x0000000010000000 0x0000000000000100 r
FLASH            0x0000000010000100 0x00000000001fff00 xr
RAM              0x0000000020000000 0x0000000000042000 xw
IDT_LIST         0x00000000fffff7ff 0x0000000000000800 xw
*default*        0x0000000000000000 0xffffffffffffffff

Linker script and memory map

LOAD zephyr/CMakeFiles/zephyr_pre1.dir/misc/empty_file.c.obj
LOAD zephyr/CMakeFiles/zephyr_pre1.dir/dev_handles.c.obj
LOAD zephyr/CMakeFiles/offsets.dir/./arch/arm/core/offsets/offsets.c.obj

.boot2          0x0000000010000000      0x100
 *(SORT_BY_ALIGNMENT(.boot2))
 .boot2         0x0000000010000000      0x100 modules/hal_rpi_pico/libmodules__hal_rpi_pico.a(boot_stage2.S.obj)
                0x0000000000000004                _region_min_align = 0x4

.rel.plt        0x0000000010000100        0x0
 *(SORT_BY_ALIGNMENT(.rel.plt))
                [!provide]                        PROVIDE (__rel_iplt_start = .)
 *(SORT_BY_ALIGNMENT(.rel.iplt))
 .rel.iplt      0x0000000010000100        0x0 app/libapp.a(main.c.obj)
                [!provide]                        PROVIDE (__rel_iplt_end = .)

.rela.plt       0x0000000010000100        0x0
 *(SORT_BY_ALIGNMENT(.rela.plt))
                [!provide]                        PROVIDE (__rela_iplt_start = .)
 *(SORT_BY_ALIGNMENT(.rela.iplt))
                [!provide]                        PROVIDE (__rela_iplt_end = .)

.rel.dyn
 *(SORT_BY_ALIGNMENT(.rel.*))

.rela.dyn
 *(SORT_BY_ALIGNMENT(.rela.*))

/DISCARD/
 *(SORT_BY_ALIGNMENT(.plt))

/DISCARD/
 *(SORT_BY_ALIGNMENT(.iplt))
                0x0000000010000100                __rom_region_start = 0x10000100

rom_start       0x0000000010000100       0xa8
                0x0000000000000000                . = 0x0
                0x0000000000000000                . = ALIGN (0x4)
                0x0000000000000000                . = ALIGN (0x100)
                0x0000000000000000                . = ALIGN (0x100)
                0x0000000010000100                _vector_start = .
 *(SORT_BY_ALIGNMENT(.exc_vector_table))
 *(SORT_BY_ALIGNMENT(.exc_vector_table.*))
 .exc_vector_table._vector_table_section
                0x0000000010000100       0x40 zephyr/arch/arch/arm/core/aarch32/cortex_m/libarch__arm__core__aarch32__cortex_m.a(vector_table.S.obj)
                0x0000000010000100                _vector_table
 *(SORT_BY_ALIGNMENT(.vectors))
                0x00000000100001a8                _vector_end = .
                0x0000000010000140                . = ALIGN (0x4)
 *(SORT_BY_ALIGNMENT(.gnu.linkonce.irq_vector_table*))
 .gnu.linkonce.irq_vector_table
                0x0000000010000140       0x68 zephyr/arch/common/libisr_tables.a(isr_tables.c.obj)
                0x0000000010000140                _irq_vector_table
                0x00000000100001a8                _vector_end = .

text            0x00000000100001a8     0x2fe8
                0x00000000100001a8                __text_region_start = .
 *(SORT_BY_ALIGNMENT(.text))
 .text          0x00000000100001a8       0x14 /Users/luukvancampen/zephyr-sdk-0.15.1/arm-zephyr-eabi/bin/../lib/gcc/arm-zephyr-eabi/12.1.0/thumb/v6-m/nofp/libgcc.a(_thumb1_case_uqi.o)
                0x00000000100001a8                __gnu_thumb1_case_uqi
 .text          0x00000000100001bc       0x14 /Users/luukvancampen/zephyr-sdk-0.15.1/arm-zephyr-eabi/bin/../lib/gcc/arm-zephyr-eabi/12.1.0/thumb/v6-m/nofp/libgcc.a(_thumb1_case_shi.o)
                0x00000000100001bc                __gnu_thumb1_case_shi
 .text          0x00000000100001d0       0x8c /Users/luukvancampen/zephyr-sdk-0.15.1/arm-zephyr-eabi/bin/../lib/gcc/arm-zephyr-eabi/12.1.0/thumb/v6-m/nofp/libgcc.a(_udivsi3.o)
                0x00000000100001d0                __udivsi3
                0x00000000100001d0                __aeabi_uidiv
                0x0000000010000248                __aeabi_uidivmod
 .text          0x000000001000025c        0x4 /Users/luukvancampen/zephyr-sdk-0.15.1/arm-zephyr-eabi/bin/../lib/gcc/arm-zephyr-eabi/12.1.0/thumb/v6-m/nofp/libgcc.a(_dvmd_tls.o)
                0x000000001000025c                __aeabi_ldiv0
                0x000000001000025c                __aeabi_idiv0
 .text          0x0000000010000260       0x3c /Users/luukvancampen/zephyr-sdk-0.15.1/arm-zephyr-eabi/bin/../lib/gcc/arm-zephyr-eabi/12.1.0/thumb/v6-m/nofp/libgcc.a(_clzsi2.o)
                0x0000000010000260                __clzsi2
 .text          0x000000001000029c       0x40 /Users/luukvancampen/zephyr-sdk-0.15.1/arm-zephyr-eabi/bin/../lib/gcc/arm-zephyr-eabi/12.1.0/thumb/v6-m/nofp/libgcc.a(_aeabi_uldivmod.o)
                0x000000001000029c                __aeabi_uldivmod
 .text          0x00000000100002dc       0x18 /Users/luukvancampen/zephyr-sdk-0.15.1/arm-zephyr-eabi/bin/../lib/gcc/arm-zephyr-eabi/12.1.0/thumb/v6-m/nofp/libgcc.a(_lshrdi3.o)
                0x00000000100002dc                __aeabi_llsr
                0x00000000100002dc                __lshrdi3
 .text          0x00000000100002f4       0x18 /Users/luukvancampen/zephyr-sdk-0.15.1/arm-zephyr-eabi/bin/../lib/gcc/arm-zephyr-eabi/12.1.0/thumb/v6-m/nofp/libgcc.a(_ashldi3.o)
                0x00000000100002f4                __ashldi3
                0x00000000100002f4                __aeabi_llsl
 .text          0x000000001000030c       0x18 /Users/luukvancampen/zephyr-sdk-0.15.1/arm-zephyr-eabi/bin/../lib/gcc/arm-zephyr-eabi/12.1.0/thumb/v6-m/nofp/libgcc.a(_clzdi2.o)
                0x000000001000030c                __clzdi2
 .text          0x0000000010000324       0x44 /Users/luukvancampen/zephyr-sdk-0.15.1/arm-zephyr-eabi/bin/../lib/gcc/arm-zephyr-eabi/12.1.0/thumb/v6-m/nofp/libgcc.a(_muldi3.o)
                0x0000000010000324                __aeabi_lmul
                0x0000000010000324                __muldi3
 .text          0x0000000010000368       0xde /Users/luukvancampen/zephyr-sdk-0.15.1/arm-zephyr-eabi/bin/../lib/gcc/arm-zephyr-eabi/12.1.0/thumb/v6-m/nofp/libgcc.a(_udivmoddi4.o)
                0x0000000010000368                __udivmoddi4
 *(SORT_BY_ALIGNMENT(.text.*))
 *fill*         0x0000000010000446        0x2 
 .text.blink_submit
                0x0000000010000448       0x10 app/libapp.a(main.c.obj)
                0x0000000010000448                blink_submit
 .text.blink    0x0000000010000458       0xd0 app/libapp.a(main.c.obj)
                0x0000000010000458                blink
 .text.blink_work_handler
                0x0000000010000528       0x14 app/libapp.a(main.c.obj)
                0x0000000010000528                blink_work_handler
 .text.main     0x000000001000053c       0x24 app/libapp.a(main.c.obj)
                0x000000001000053c                main
 .text.char_out
                0x0000000010000560       0x10 zephyr/libzephyr.a(printk.c.obj)
 .text.__printk_hook_install
                0x0000000010000570        0xc zephyr/libzephyr.a(printk.c.obj)
                0x0000000010000570                __printk_hook_install
 .text.vprintk  0x000000001000057c       0x18 zephyr/libzephyr.a(printk.c.obj)
                0x000000001000057c                vprintk
 .text.z_cbvprintf_impl
                0x0000000010000594      0x728 zephyr/libzephyr.a(cbprintf_complete.c.obj)
                0x0000000010000594                z_cbvprintf_impl
 .text.z_arm_cpu_idle_init
                0x0000000010000cbc        0xc zephyr/arch/arch/arm/core/aarch32/libarch__arm__core__aarch32.a(cpu_idle.S.obj)
                0x0000000010000cbc                z_arm_cpu_idle_init
 .text.arch_cpu_idle
                0x0000000010000cc8       0x10 zephyr/arch/arch/arm/core/aarch32/libarch__arm__core__aarch32.a(cpu_idle.S.obj)
                0x0000000010000cc8                arch_cpu_idle
 .text.arch_irq_enable
                0x0000000010000cd8       0x18 zephyr/arch/arch/arm/core/aarch32/libarch__arm__core__aarch32.a(irq_manage.c.obj)
                0x0000000010000cd8                arch_irq_enable
 .text.z_arm_irq_priority_set
                0x0000000010000cf0       0x54 zephyr/arch/arch/arm/core/aarch32/libarch__arm__core__aarch32.a(irq_manage.c.obj)
                0x0000000010000cf0                z_arm_irq_priority_set
 .text.z_SysNmiOnReset
                0x0000000010000d44        0x4 zephyr/arch/arch/arm/core/aarch32/libarch__arm__core__aarch32.a(nmi_on_reset.S.obj)
                0x0000000010000d44                z_SysNmiOnReset
 .text.z_arm_prep_c
                0x0000000010000d48       0x2c zephyr/arch/arch/arm/core/aarch32/libarch__arm__core__aarch32.a(prep_c.c.obj)
                0x0000000010000d48                z_arm_prep_c
 .text.arch_swap
                0x0000000010000d74       0x30 zephyr/arch/arch/arm/core/aarch32/libarch__arm__core__aarch32.a(swap.c.obj)
                0x0000000010000d74                arch_swap
 .text.z_arm_pendsv
                0x0000000010000da4       0x60 zephyr/arch/arch/arm/core/aarch32/libarch__arm__core__aarch32.a(swap_helper.S.obj)
                0x0000000010000da4                z_arm_pendsv
 .text.z_arm_svc
                0x0000000010000e04       0x24 zephyr/arch/arch/arm/core/aarch32/libarch__arm__core__aarch32.a(swap_helper.S.obj)
                0x0000000010000e04                z_arm_svc
 .text.arch_new_thread
                0x0000000010000e28       0x2c zephyr/arch/arch/arm/core/aarch32/libarch__arm__core__aarch32.a(thread.c.obj)
                0x0000000010000e28                arch_new_thread
 .text.arch_switch_to_main_thread
                0x0000000010000e54       0x20 zephyr/arch/arch/arm/core/aarch32/libarch__arm__core__aarch32.a(thread.c.obj)
                0x0000000010000e54                arch_switch_to_main_thread
 .text._isr_wrapper
                0x0000000010000e74       0x28 zephyr/arch/arch/arm/core/aarch32/libarch__arm__core__aarch32.a(isr_wrapper.S.obj)
                0x0000000010000e74                _isr_wrapper
 .text._HandlerModeExit
                0x0000000010000e9c       0x20 zephyr/arch/arch/arm/core/aarch32/cortex_m/libarch__arm__core__aarch32__cortex_m.a(exc_exit.S.obj)
                0x0000000010000e9c                z_arm_exc_exit
                0x0000000010000e9c                z_arm_int_exit
 .text.z_arm_fault
                0x0000000010000ebc       0x7c zephyr/arch/arch/arm/core/aarch32/cortex_m/libarch__arm__core__aarch32__cortex_m.a(fault.c.obj)
                0x0000000010000ebc                z_arm_fault
 .text.__fault  0x0000000010000f38       0x14 zephyr/arch/arch/arm/core/aarch32/cortex_m/libarch__arm__core__aarch32__cortex_m.a(fault_s.S.obj)
                0x0000000010000f38                z_arm_exc_spurious
                0x0000000010000f38                z_arm_hard_fault
 .text.z_arm_interrupt_init
                0x0000000010000f4c       0x30 zephyr/arch/arch/arm/core/aarch32/cortex_m/libarch__arm__core__aarch32__cortex_m.a(irq_init.c.obj)
                0x0000000010000f4c                z_arm_interrupt_init
 .text._reset_section
                0x0000000010000f7c       0x28 zephyr/arch/arch/arm/core/aarch32/cortex_m/libarch__arm__core__aarch32__cortex_m.a(reset.S.obj)
                0x0000000010000f7c                z_arm_reset
                0x0000000010000f7c                __start
 .text.z_impl_k_thread_abort
                0x0000000010000fa4       0x38 zephyr/arch/arch/arm/core/aarch32/cortex_m/libarch__arm__core__aarch32__cortex_m.a(thread_abort.c.obj)
                0x0000000010000fa4                z_impl_k_thread_abort
 .text.__stdout_hook_install
                0x0000000010000fdc        0xc zephyr/lib/libc/minimal/liblib__libc__minimal.a(stdout_console.c.obj)
                0x0000000010000fdc                __stdout_hook_install
 .text.rp2040_init
                0x0000000010000fe8       0x54 zephyr/soc/arm/rpi_pico/rp2/libsoc__arm__rpi_pico__rp2.a(soc.c.obj)
 .text.uart_console_init
                0x000000001000103c       0x2c zephyr/drivers/console/libdrivers__console.a(uart_console.c.obj)
 .text.console_out
                0x0000000010001068       0x28 zephyr/drivers/console/libdrivers__console.a(uart_console.c.obj)
 .text.gpio_rpi_isr
                0x0000000010001090       0x64 zephyr/drivers/gpio/libdrivers__gpio.a(gpio_rpi_pico.c.obj)
 .text.uart_rpi_irq_err_disable
                0x00000000100010f4       0x14 zephyr/drivers/serial/libdrivers__serial.a(uart_rpi_pico.c.obj)
 .text.uart_rpi_set_format.isra.0
                0x0000000010001108       0x58 zephyr/drivers/serial/libdrivers__serial.a(uart_rpi_pico.c.obj)
 .text.uart_rpi_init
                0x0000000010001160       0x74 zephyr/drivers/serial/libdrivers__serial.a(uart_rpi_pico.c.obj)
 .text.elapsed  0x00000000100011d4       0x38 zephyr/drivers/timer/libdrivers__timer.a(cortex_m_systick.c.obj)
 .text.sys_clock_driver_init
                0x000000001000120c       0x3c zephyr/drivers/timer/libdrivers__timer.a(cortex_m_systick.c.obj)
 .text.sys_clock_isr
                0x0000000010001248       0x44 zephyr/drivers/timer/libdrivers__timer.a(cortex_m_systick.c.obj)
                0x0000000010001248                sys_clock_isr
 .text.sys_clock_set_timeout
                0x000000001000128c       0xf0 zephyr/drivers/timer/libdrivers__timer.a(cortex_m_systick.c.obj)
                0x000000001000128c                sys_clock_set_timeout
 .text.sys_clock_elapsed
                0x000000001000137c       0x38 zephyr/drivers/timer/libdrivers__timer.a(cortex_m_systick.c.obj)
                0x000000001000137c                sys_clock_elapsed
 .text.clock_configure
                0x00000000100013b4       0xe8 modules/hal_rpi_pico/libmodules__hal_rpi_pico.a(clocks.c.obj)
                0x00000000100013b4                clock_configure
 .text.clocks_init
                0x000000001000149c       0xf0 modules/hal_rpi_pico/libmodules__hal_rpi_pico.a(clocks.c.obj)
                0x000000001000149c                clocks_init
 .text.clock_get_hz
                0x000000001000158c        0xc modules/hal_rpi_pico/libmodules__hal_rpi_pico.a(clocks.c.obj)
                0x000000001000158c                clock_get_hz
 .text.pll_init
                0x0000000010001598       0x98 modules/hal_rpi_pico/libmodules__hal_rpi_pico.a(pll.c.obj)
                0x0000000010001598                pll_init
 .text.xosc_init
                0x0000000010001630       0x28 modules/hal_rpi_pico/libmodules__hal_rpi_pico.a(xosc.c.obj)
                0x0000000010001630                xosc_init
 .text.watchdog_start_tick
                0x0000000010001658       0x10 modules/hal_rpi_pico/libmodules__hal_rpi_pico.a(watchdog.c.obj)
                0x0000000010001658                watchdog_start_tick
 .text.running_on_fpga
                0x0000000010001668       0x10 modules/hal_rpi_pico/libmodules__hal_rpi_pico.a(platform.c.obj)
                0x0000000010001668                running_on_fpga
 .text.gpio_set_function
                0x0000000010001678       0x2c modules/hal_rpi_pico/libmodules__hal_rpi_pico.a(gpio.c.obj)
                0x0000000010001678                gpio_set_function
 .text.gpio_set_pulls
                0x00000000100016a4       0x24 modules/hal_rpi_pico/libmodules__hal_rpi_pico.a(gpio.c.obj)
                0x00000000100016a4                gpio_set_pulls
 .text.gpio_set_input_hysteresis_enabled
                0x00000000100016c8       0x1c modules/hal_rpi_pico/libmodules__hal_rpi_pico.a(gpio.c.obj)
                0x00000000100016c8                gpio_set_input_hysteresis_enabled
 .text.gpio_set_slew_rate
                0x00000000100016e4       0x1c modules/hal_rpi_pico/libmodules__hal_rpi_pico.a(gpio.c.obj)
                0x00000000100016e4                gpio_set_slew_rate
 .text.gpio_set_drive_strength
                0x0000000010001700       0x20 modules/hal_rpi_pico/libmodules__hal_rpi_pico.a(gpio.c.obj)
                0x0000000010001700                gpio_set_drive_strength
 .text.gpio_acknowledge_irq
                0x0000000010001720       0x18 modules/hal_rpi_pico/libmodules__hal_rpi_pico.a(gpio.c.obj)
                0x0000000010001720                gpio_acknowledge_irq
 .text.gpio_set_irq_enabled
                0x0000000010001738       0x44 modules/hal_rpi_pico/libmodules__hal_rpi_pico.a(gpio.c.obj)
                0x0000000010001738                gpio_set_irq_enabled
 .text.gpio_set_input_enabled
                0x000000001000177c       0x1c modules/hal_rpi_pico/libmodules__hal_rpi_pico.a(gpio.c.obj)
                0x000000001000177c                gpio_set_input_enabled
 .text.uart_set_baudrate
                0x0000000010001798       0x5c modules/hal_rpi_pico/libmodules__hal_rpi_pico.a(uart.c.obj)
                0x0000000010001798                uart_set_baudrate
 .text.uart_init
                0x00000000100017f4       0x94 modules/hal_rpi_pico/libmodules__hal_rpi_pico.a(uart.c.obj)
                0x00000000100017f4                uart_init
 .text.z_sys_init_run_level
                0x0000000010001888       0x4c zephyr/kernel/libkernel.a(init.c.obj)
 .text.bg_thread_main
                0x00000000100018d4       0x34 zephyr/kernel/libkernel.a(init.c.obj)
 .text.z_bss_zero
                0x0000000010001908       0x18 zephyr/kernel/libkernel.a(init.c.obj)
                0x0000000010001908                z_bss_zero
 .text.z_init_cpu
                0x0000000010001920       0x68 zephyr/kernel/libkernel.a(init.c.obj)
                0x0000000010001920                z_init_cpu
 .text.z_cstart
                0x0000000010001988       0xb0 zephyr/kernel/libkernel.a(init.c.obj)
                0x0000000010001988                z_cstart
 .text.z_setup_new_thread
                0x0000000010001a38       0x54 zephyr/kernel/libkernel.a(thread.c.obj)
                0x0000000010001a38                z_setup_new_thread
 .text.z_impl_k_thread_create
                0x0000000010001a8c       0x58 zephyr/kernel/libkernel.a(thread.c.obj)
                0x0000000010001a8c                z_impl_k_thread_create
 .text.z_init_static_threads
                0x0000000010001ae4       0x90 zephyr/kernel/libkernel.a(thread.c.obj)
                0x0000000010001ae4                z_init_static_threads
 .text.z_impl_k_sem_give
                0x0000000010001b74       0x38 zephyr/kernel/libkernel.a(sem.c.obj)
                0x0000000010001b74                z_impl_k_sem_give
 .text.work_queue_main
                0x0000000010001bac      0x124 zephyr/kernel/libkernel.a(work.c.obj)
 .text.submit_to_queue_locked
                0x0000000010001cd0       0xd0 zephyr/kernel/libkernel.a(work.c.obj)
 .text.k_work_submit
                0x0000000010001da0       0x14 zephyr/kernel/libkernel.a(work.c.obj)
                0x0000000010001da0                k_work_submit
 .text.k_work_queue_start
                0x0000000010001db4       0x7c zephyr/kernel/libkernel.a(work.c.obj)
                0x0000000010001db4                k_work_queue_start
 .text.z_reset_time_slice
                0x0000000010001e30       0x28 zephyr/kernel/libkernel.a(sched.c.obj)
                0x0000000010001e30                z_reset_time_slice
 .text.update_cache
                0x0000000010001e58       0x44 zephyr/kernel/libkernel.a(sched.c.obj)
 .text.move_thread_to_end_of_prio_q
                0x0000000010001e9c       0x78 zephyr/kernel/libkernel.a(sched.c.obj)
 .text.ready_thread
                0x0000000010001f14       0x6c zephyr/kernel/libkernel.a(sched.c.obj)
 .text.unready_thread
                0x0000000010001f80       0x2c zephyr/kernel/libkernel.a(sched.c.obj)
 .text.pend_locked
                0x0000000010001fac       0x2c zephyr/kernel/libkernel.a(sched.c.obj)
 .text.k_sched_time_slice_set
                0x0000000010001fd8       0x44 zephyr/kernel/libkernel.a(sched.c.obj)
                0x0000000010001fd8                k_sched_time_slice_set
 .text.z_time_slice
                0x000000001000201c       0x7c zephyr/kernel/libkernel.a(sched.c.obj)
                0x000000001000201c                z_time_slice
 .text.z_pend_curr
                0x0000000010002098       0x30 zephyr/kernel/libkernel.a(sched.c.obj)
                0x0000000010002098                z_pend_curr
 .text.z_reschedule
                0x00000000100020c8       0x2c zephyr/kernel/libkernel.a(sched.c.obj)
                0x00000000100020c8                z_reschedule
 .text.z_sched_start
                0x00000000100020f4       0x34 zephyr/kernel/libkernel.a(sched.c.obj)
                0x00000000100020f4                z_sched_start
 .text.z_impl_k_thread_suspend
                0x0000000010002128       0x58 zephyr/kernel/libkernel.a(sched.c.obj)
                0x0000000010002128                z_impl_k_thread_suspend
 .text.k_sched_lock
                0x0000000010002180       0x20 zephyr/kernel/libkernel.a(sched.c.obj)
                0x0000000010002180                k_sched_lock
 .text.k_sched_unlock
                0x00000000100021a0       0x2c zephyr/kernel/libkernel.a(sched.c.obj)
                0x00000000100021a0                k_sched_unlock
 .text.z_sched_init
                0x00000000100021cc       0x1c zephyr/kernel/libkernel.a(sched.c.obj)
                0x00000000100021cc                z_sched_init
 .text.z_impl_k_yield
                0x00000000100021e8       0x78 zephyr/kernel/libkernel.a(sched.c.obj)
                0x00000000100021e8                z_impl_k_yield
 .text.z_tick_sleep
                0x0000000010002260       0x8c zephyr/kernel/libkernel.a(sched.c.obj)
 .text.z_impl_k_sleep
                0x00000000100022ec       0x30 zephyr/kernel/libkernel.a(sched.c.obj)
                0x00000000100022ec                z_impl_k_sleep
 .text.z_impl_z_current_get
                0x000000001000231c        0xc zephyr/kernel/libkernel.a(sched.c.obj)
                0x000000001000231c                z_impl_z_current_get
 .text.z_thread_abort
                0x0000000010002328       0xb8 zephyr/kernel/libkernel.a(sched.c.obj)
                0x0000000010002328                z_thread_abort
 .text.z_sched_wait
                0x00000000100023e0       0x24 zephyr/kernel/libkernel.a(sched.c.obj)
                0x00000000100023e0                z_sched_wait
 .text.z_data_copy
                0x0000000010002404       0x34 zephyr/kernel/libkernel.a(xip.c.obj)
                0x0000000010002404                z_data_copy
 .text.elapsed  0x0000000010002438       0x18 zephyr/kernel/libkernel.a(timeout.c.obj)
 .text.next_timeout
                0x0000000010002450       0x58 zephyr/kernel/libkernel.a(timeout.c.obj)
 .text.remove_timeout
                0x00000000100024a8       0x38 zephyr/kernel/libkernel.a(timeout.c.obj)
 .text.z_add_timeout
                0x00000000100024e0       0xec zephyr/kernel/libkernel.a(timeout.c.obj)
                0x00000000100024e0                z_add_timeout
 .text.sys_clock_announce
                0x00000000100025cc       0xd4 zephyr/kernel/libkernel.a(timeout.c.obj)
                0x00000000100025cc                sys_clock_announce
 .text.sys_clock_tick_get
                0x00000000100026a0       0x2c zephyr/kernel/libkernel.a(timeout.c.obj)
                0x00000000100026a0                sys_clock_tick_get
 .text.z_timer_expiration_handler
                0x00000000100026cc       0xc8 zephyr/kernel/libkernel.a(timer.c.obj)
                0x00000000100026cc                z_timer_expiration_handler
 .text.z_impl_k_timer_start
                0x0000000010002794       0xa4 zephyr/kernel/libkernel.a(timer.c.obj)
                0x0000000010002794                z_impl_k_timer_start
 .text.boot_banner
                0x0000000010002838       0x10 zephyr/kernel/libkernel.a(banner.c.obj)
                0x0000000010002838                boot_banner
 .text.k_sys_work_q_init
                0x0000000010002848       0x34 zephyr/kernel/libkernel.a(system_work_q.c.obj)
 .text._OffsetAbsSyms
                0x000000001000287c        0x2 zephyr/CMakeFiles/offsets.dir/./arch/arm/core/offsets/offsets.c.obj
                0x000000001000287c                _OffsetAbsSyms
 .text.arch_printk_char_out
                0x000000001000287e        0x4 zephyr/libzephyr.a(printk.c.obj)
                0x000000001000287e                arch_printk_char_out
 .text.printk   0x0000000010002882       0x16 zephyr/libzephyr.a(printk.c.obj)
                0x0000000010002882                printk
 .text.z_thread_entry
                0x0000000010002898       0x14 zephyr/libzephyr.a(thread_entry.c.obj)
                0x0000000010002898                z_thread_entry
 .text.encode_uint
                0x00000000100028ac       0x9a zephyr/libzephyr.a(cbprintf_complete.c.obj)
 .text.outs     0x0000000010002946       0x2c zephyr/libzephyr.a(cbprintf_complete.c.obj)
 .text._ConfigAbsSyms
                0x0000000010002972        0x2 zephyr/libzephyr.a(configs.c.obj)
                0x0000000010002972                _ConfigAbsSyms
 .text.z_arm_fatal_error
                0x0000000010002974        0x8 zephyr/arch/arch/arm/core/aarch32/libarch__arm__core__aarch32.a(fatal.c.obj)
                0x0000000010002974                z_arm_fatal_error
 .text.z_do_kernel_oops
                0x000000001000297c        0xc zephyr/arch/arch/arm/core/aarch32/libarch__arm__core__aarch32.a(fatal.c.obj)
                0x000000001000297c                z_do_kernel_oops
 .text.z_irq_spurious
                0x0000000010002988        0xc zephyr/arch/arch/arm/core/aarch32/libarch__arm__core__aarch32.a(irq_manage.c.obj)
                0x0000000010002988                z_irq_spurious
 .text.z_arm_nmi
                0x0000000010002994        0xc zephyr/arch/arch/arm/core/aarch32/libarch__arm__core__aarch32.a(nmi.c.obj)
                0x0000000010002994                z_arm_nmi
 .text.z_arm_fault_init
                0x00000000100029a0        0x2 zephyr/arch/arch/arm/core/aarch32/cortex_m/libarch__arm__core__aarch32__cortex_m.a(fault.c.obj)
                0x00000000100029a0                z_arm_fault_init
 .text.strlen   0x00000000100029a2       0x10 zephyr/lib/libc/minimal/liblib__libc__minimal.a(string.c.obj)
                0x00000000100029a2                strlen
 .text.strnlen  0x00000000100029b2       0x14 zephyr/lib/libc/minimal/liblib__libc__minimal.a(string.c.obj)
                0x00000000100029b2                strnlen
 .text.memcpy   0x00000000100029c6       0x12 zephyr/lib/libc/minimal/liblib__libc__minimal.a(string.c.obj)
                0x00000000100029c6                memcpy
 .text.memset   0x00000000100029d8       0x12 zephyr/lib/libc/minimal/liblib__libc__minimal.a(string.c.obj)
                0x00000000100029d8                memset
 .text._stdout_hook_default
                0x00000000100029ea        0x6 zephyr/lib/libc/minimal/liblib__libc__minimal.a(stdout_console.c.obj)
 .text.gpio_rpi_port_get_raw
                0x00000000100029f0        0xc zephyr/drivers/gpio/libdrivers__gpio.a(gpio_rpi_pico.c.obj)
 .text.gpio_rpi_port_set_masked_raw
                0x00000000100029fc       0x10 zephyr/drivers/gpio/libdrivers__gpio.a(gpio_rpi_pico.c.obj)
 .text.gpio_rpi_port_set_bits_raw
                0x0000000010002a0c        0xa zephyr/drivers/gpio/libdrivers__gpio.a(gpio_rpi_pico.c.obj)
 .text.gpio_rpi_port_clear_bits_raw
                0x0000000010002a16        0xa zephyr/drivers/gpio/libdrivers__gpio.a(gpio_rpi_pico.c.obj)
 .text.gpio_rpi_port_toggle_bits
                0x0000000010002a20        0xa zephyr/drivers/gpio/libdrivers__gpio.a(gpio_rpi_pico.c.obj)
 .text.gpio_rpi_manage_callback
                0x0000000010002a2a       0x58 zephyr/drivers/gpio/libdrivers__gpio.a(gpio_rpi_pico.c.obj)
 .text.gpio_rpi_bank_init
                0x0000000010002a82        0xc zephyr/drivers/gpio/libdrivers__gpio.a(gpio_rpi_pico.c.obj)
 .text.gpio_rpi_pin_interrupt_configure
                0x0000000010002a8e       0x62 zephyr/drivers/gpio/libdrivers__gpio.a(gpio_rpi_pico.c.obj)
 .text.gpio_rpi_configure
                0x0000000010002af0       0x58 zephyr/drivers/gpio/libdrivers__gpio.a(gpio_rpi_pico.c.obj)
 .text.bank_0_config_func
                0x0000000010002b48       0x14 zephyr/drivers/gpio/libdrivers__gpio.a(gpio_rpi_pico.c.obj)
 .text.uart_rpi_poll_in
                0x0000000010002b5c       0x1e zephyr/drivers/serial/libdrivers__serial.a(uart_rpi_pico.c.obj)
 .text.uart_rpi_poll_out
                0x0000000010002b7a       0x10 zephyr/drivers/serial/libdrivers__serial.a(uart_rpi_pico.c.obj)
 .text.uart_rpi_err_check
                0x0000000010002b8a       0x24 zephyr/drivers/serial/libdrivers__serial.a(uart_rpi_pico.c.obj)
 .text.uart_rpi_fifo_fill
                0x0000000010002bae       0x20 zephyr/drivers/serial/libdrivers__serial.a(uart_rpi_pico.c.obj)
 .text.uart_rpi_fifo_read
                0x0000000010002bce       0x20 zephyr/drivers/serial/libdrivers__serial.a(uart_rpi_pico.c.obj)
 .text.uart_rpi_irq_tx_enable
                0x0000000010002bee       0x16 zephyr/drivers/serial/libdrivers__serial.a(uart_rpi_pico.c.obj)
 .text.uart_rpi_irq_tx_disable
                0x0000000010002c04        0xe zephyr/drivers/serial/libdrivers__serial.a(uart_rpi_pico.c.obj)
 .text.uart_rpi_irq_tx_ready
                0x0000000010002c12        0xc zephyr/drivers/serial/libdrivers__serial.a(uart_rpi_pico.c.obj)
 .text.uart_rpi_irq_rx_enable
                0x0000000010002c1e       0x16 zephyr/drivers/serial/libdrivers__serial.a(uart_rpi_pico.c.obj)
 .text.uart_rpi_irq_rx_disable
                0x0000000010002c34        0xe zephyr/drivers/serial/libdrivers__serial.a(uart_rpi_pico.c.obj)
 .text.uart_rpi_irq_tx_complete
                0x0000000010002c42        0xc zephyr/drivers/serial/libdrivers__serial.a(uart_rpi_pico.c.obj)
 .text.uart_rpi_irq_rx_ready
                0x0000000010002c4e        0xc zephyr/drivers/serial/libdrivers__serial.a(uart_rpi_pico.c.obj)
 .text.uart_rpi_irq_err_enable
                0x0000000010002c5a       0x10 zephyr/drivers/serial/libdrivers__serial.a(uart_rpi_pico.c.obj)
 .text.uart_rpi_irq_is_pending
                0x0000000010002c6a       0x1c zephyr/drivers/serial/libdrivers__serial.a(uart_rpi_pico.c.obj)
 .text.uart_rpi_irq_update
                0x0000000010002c86        0x4 zephyr/drivers/serial/libdrivers__serial.a(uart_rpi_pico.c.obj)
 .text.uart_rpi_irq_callback_set
                0x0000000010002c8a        0x8 zephyr/drivers/serial/libdrivers__serial.a(uart_rpi_pico.c.obj)
 .text.uart_rpi_isr
                0x0000000010002c92       0x10 zephyr/drivers/serial/libdrivers__serial.a(uart_rpi_pico.c.obj)
 .text.uart_rpi_config_get
                0x0000000010002ca2       0x12 zephyr/drivers/serial/libdrivers__serial.a(uart_rpi_pico.c.obj)
 .text.uart0_rpi_irq_config_func
                0x0000000010002cb4       0x14 zephyr/drivers/serial/libdrivers__serial.a(uart_rpi_pico.c.obj)
 .text.uart_rpi_configure
                0x0000000010002cc8       0x32 zephyr/drivers/serial/libdrivers__serial.a(uart_rpi_pico.c.obj)
 .text.pinctrl_lookup_state
                0x0000000010002cfa       0x26 zephyr/drivers/pinctrl/libdrivers__pinctrl.a(common.c.obj)
                0x0000000010002cfa                pinctrl_lookup_state
 .text.pinctrl_configure_pins
                0x0000000010002d20       0x84 zephyr/drivers/pinctrl/libdrivers__pinctrl.a(pinctrl_rpi_pico.c.obj)
                0x0000000010002d20                pinctrl_configure_pins
 .text.reset_rpi_init
                0x0000000010002da4        0x4 zephyr/drivers/reset/libdrivers__reset.a(reset_rpi_pico.c.obj)
 .text.reset_rpi_read_register.isra.0
                0x0000000010002da8       0x30 zephyr/drivers/reset/libdrivers__reset.a(reset_rpi_pico.c.obj)
 .text.reset_rpi_update
                0x0000000010002dd8       0x72 zephyr/drivers/reset/libdrivers__reset.a(reset_rpi_pico.c.obj)
 .text.reset_rpi_line_assert
                0x0000000010002e4a        0xa zephyr/drivers/reset/libdrivers__reset.a(reset_rpi_pico.c.obj)
 .text.reset_rpi_line_deassert
                0x0000000010002e54        0xa zephyr/drivers/reset/libdrivers__reset.a(reset_rpi_pico.c.obj)
 .text.reset_rpi_line_toggle
                0x0000000010002e5e       0x18 zephyr/drivers/reset/libdrivers__reset.a(reset_rpi_pico.c.obj)
 .text.reset_rpi_status
                0x0000000010002e76       0x38 zephyr/drivers/reset/libdrivers__reset.a(reset_rpi_pico.c.obj)
 .text.gpio_init
                0x0000000010002eae       0x16 modules/hal_rpi_pico/libmodules__hal_rpi_pico.a(gpio.c.obj)
                0x0000000010002eae                gpio_init
 .text.z_device_state_init
                0x0000000010002ec4        0x2 zephyr/kernel/libkernel.a(device.c.obj)
                0x0000000010002ec4                z_device_state_init
 .text.z_device_is_ready
                0x0000000010002ec6       0x1a zephyr/kernel/libkernel.a(device.c.obj)
                0x0000000010002ec6                z_device_is_ready
 .text.arch_system_halt
                0x0000000010002ee0        0x8 zephyr/kernel/libkernel.a(fatal.c.obj)
                0x0000000010002ee0                arch_system_halt
 .text.k_sys_fatal_error_handler
                0x0000000010002ee8        0x6 zephyr/kernel/libkernel.a(fatal.c.obj)
                0x0000000010002ee8                k_sys_fatal_error_handler
 .text.z_fatal_error
                0x0000000010002eee       0x2c zephyr/kernel/libkernel.a(fatal.c.obj)
                0x0000000010002eee                z_fatal_error
 .text.z_early_memset
                0x0000000010002f1a        0x8 zephyr/kernel/libkernel.a(init.c.obj)
                0x0000000010002f1a                z_early_memset
 .text.z_early_memcpy
                0x0000000010002f22        0x8 zephyr/kernel/libkernel.a(init.c.obj)
                0x0000000010002f22                z_early_memcpy
 .text.k_is_in_isr
                0x0000000010002f2a        0xc zephyr/kernel/libkernel.a(thread.c.obj)
                0x0000000010002f2a                k_is_in_isr
 .text.z_impl_k_thread_name_set
                0x0000000010002f36        0x6 zephyr/kernel/libkernel.a(thread.c.obj)
                0x0000000010002f36                z_impl_k_thread_name_set
 .text.z_impl_k_thread_start
                0x0000000010002f3c        0x8 zephyr/kernel/libkernel.a(thread.c.obj)
                0x0000000010002f3c                z_impl_k_thread_start
 .text.idle     0x0000000010002f44        0xe zephyr/kernel/libkernel.a(idle.c.obj)
                0x0000000010002f44                idle
 .text.flag_test_and_clear
                0x0000000010002f52       0x18 zephyr/kernel/libkernel.a(work.c.obj)
 .text.notify_queue_locked.isra.0
                0x0000000010002f6a       0x12 zephyr/kernel/libkernel.a(work.c.obj)
 .text.z_work_submit_to_queue
                0x0000000010002f7c       0x1e zephyr/kernel/libkernel.a(work.c.obj)
                0x0000000010002f7c                z_work_submit_to_queue
 .text.k_work_submit_to_queue
                0x0000000010002f9a       0x18 zephyr/kernel/libkernel.a(work.c.obj)
                0x0000000010002f9a                k_work_submit_to_queue
 .text.sys_dlist_remove
                0x0000000010002fb2       0x10 zephyr/kernel/libkernel.a(sched.c.obj)
 .text.unpend_thread_no_timeout
                0x0000000010002fc2       0x16 zephyr/kernel/libkernel.a(sched.c.obj)
 .text.z_thread_timeout
                0x0000000010002fd8       0x38 zephyr/kernel/libkernel.a(sched.c.obj)
                0x0000000010002fd8                z_thread_timeout
 .text.add_to_waitq_locked
                0x0000000010003010       0x52 zephyr/kernel/libkernel.a(sched.c.obj)
 .text.z_ready_thread
                0x0000000010003062       0x18 zephyr/kernel/libkernel.a(sched.c.obj)
                0x0000000010003062                z_ready_thread
 .text.z_unpend_thread_no_timeout
                0x000000001000307a       0x18 zephyr/kernel/libkernel.a(sched.c.obj)
                0x000000001000307a                z_unpend_thread_no_timeout
 .text.z_unpend_first_thread
                0x0000000010003092       0x32 zephyr/kernel/libkernel.a(sched.c.obj)
                0x0000000010003092                z_unpend_first_thread
 .text.z_reschedule_irqlock
                0x00000000100030c4       0x1c zephyr/kernel/libkernel.a(sched.c.obj)
                0x00000000100030c4                z_reschedule_irqlock
 .text.z_reschedule_unlocked
                0x00000000100030e0        0xe zephyr/kernel/libkernel.a(sched.c.obj)
 .text.z_sched_wake
                0x00000000100030ee       0x3c zephyr/kernel/libkernel.a(sched.c.obj)
                0x00000000100030ee                z_sched_wake
 .text.z_abort_timeout
                0x000000001000312a       0x26 zephyr/kernel/libkernel.a(timeout.c.obj)
                0x000000001000312a                z_abort_timeout
 .text.z_set_timeout_expiry
                0x0000000010003150       0x2e zephyr/kernel/libkernel.a(timeout.c.obj)
                0x0000000010003150                z_set_timeout_expiry
 .text.sys_clock_tick_get_32
                0x000000001000317e        0x8 zephyr/kernel/libkernel.a(timeout.c.obj)
                0x000000001000317e                sys_clock_tick_get_32
 .text.z_impl_k_uptime_ticks
                0x0000000010003186        0x8 zephyr/kernel/libkernel.a(timeout.c.obj)
                0x0000000010003186                z_impl_k_uptime_ticks
 *(SORT_BY_ALIGNMENT(.TEXT.*))
 *(SORT_BY_ALIGNMENT(.gnu.linkonce.t.*))
 *(SORT_BY_ALIGNMENT(.glue_7t))
 .glue_7t       0x000000001000318e        0x0 linker stubs
 *(SORT_BY_ALIGNMENT(.glue_7))
 .glue_7        0x000000001000318e        0x0 linker stubs
 *(SORT_BY_ALIGNMENT(.vfp11_veneer))
 .vfp11_veneer  0x000000001000318e        0x0 linker stubs
 *(SORT_BY_ALIGNMENT(.v4_bx))
 .v4_bx         0x000000001000318e        0x0 linker stubs
                0x0000000010003190                . = ALIGN (0x4)
 *fill*         0x000000001000318e        0x2 
                0x0000000010003190                __text_region_end = .

.ARM.exidx      0x0000000010003190        0x8
                0x0000000010003190                __exidx_start = .
 *(SORT_BY_ALIGNMENT(.ARM.exidx*) SORT_BY_ALIGNMENT(gnu.linkonce.armexidx.*))
 .ARM.exidx     0x0000000010003190        0x8 /Users/luukvancampen/zephyr-sdk-0.15.1/arm-zephyr-eabi/bin/../lib/gcc/arm-zephyr-eabi/12.1.0/thumb/v6-m/nofp/libgcc.a(_udivmoddi4.o)
                0x0000000010003198                __exidx_end = .
                0x0000000010003198                __rodata_region_start = .

initlevel       0x0000000010003198       0x38
                0x0000000010003198                __init_start = .
                0x0000000010003198                __init_EARLY_start = .
 *(SORT_BY_NAME(SORT_BY_ALIGNMENT(.z_init_EARLY[0-9]_*)))
 *(SORT_BY_NAME(SORT_BY_ALIGNMENT(.z_init_EARLY[1-9][0-9]_*)))
                0x0000000010003198                __init_PRE_KERNEL_1_start = .
 *(SORT_BY_NAME(SORT_BY_ALIGNMENT(.z_init_PRE_KERNEL_1[0-9]_*)))
 .z_init_PRE_KERNEL_10_
                0x0000000010003198        0x8 zephyr/soc/arm/rpi_pico/rp2/libsoc__arm__rpi_pico__rp2.a(soc.c.obj)
 *(SORT_BY_NAME(SORT_BY_ALIGNMENT(.z_init_PRE_KERNEL_1[1-9][0-9]_*)))
 .z_init_PRE_KERNEL_140_
                0x00000000100031a0        0x8 zephyr/drivers/reset/libdrivers__reset.a(reset_rpi_pico.c.obj)
 .z_init_PRE_KERNEL_155_
                0x00000000100031a8        0x8 zephyr/drivers/serial/libdrivers__serial.a(uart_rpi_pico.c.obj)
 .z_init_PRE_KERNEL_160_
                0x00000000100031b0        0x8 zephyr/drivers/console/libdrivers__console.a(uart_console.c.obj)
                0x00000000100031b8                __init_PRE_KERNEL_2_start = .
 *(SORT_BY_NAME(SORT_BY_ALIGNMENT(.z_init_PRE_KERNEL_2[0-9]_*)))
 .z_init_PRE_KERNEL_20_
                0x00000000100031b8        0x8 zephyr/drivers/timer/libdrivers__timer.a(cortex_m_systick.c.obj)
 *(SORT_BY_NAME(SORT_BY_ALIGNMENT(.z_init_PRE_KERNEL_2[1-9][0-9]_*)))
                0x00000000100031c0                __init_POST_KERNEL_start = .
 *(SORT_BY_NAME(SORT_BY_ALIGNMENT(.z_init_POST_KERNEL[0-9]_*)))
 *(SORT_BY_NAME(SORT_BY_ALIGNMENT(.z_init_POST_KERNEL[1-9][0-9]_*)))
 .z_init_POST_KERNEL40_
                0x00000000100031c0        0x8 zephyr/drivers/gpio/libdrivers__gpio.a(gpio_rpi_pico.c.obj)
 .z_init_POST_KERNEL40_
                0x00000000100031c8        0x8 zephyr/kernel/libkernel.a(system_work_q.c.obj)
                0x00000000100031d0                __init_APPLICATION_start = .
 *(SORT_BY_NAME(SORT_BY_ALIGNMENT(.z_init_APPLICATION[0-9]_*)))
 *(SORT_BY_NAME(SORT_BY_ALIGNMENT(.z_init_APPLICATION[1-9][0-9]_*)))
                0x00000000100031d0                __init_SMP_start = .
 *(SORT_BY_NAME(SORT_BY_ALIGNMENT(.z_init_SMP[0-9]_*)))
 *(SORT_BY_NAME(SORT_BY_ALIGNMENT(.z_init_SMP[1-9][0-9]_*)))
                0x00000000100031d0                __init_end = .

devices         0x00000000100031d0       0x48
                0x00000000100031d0                __device_start = .
                0x00000000100031d0                __device_EARLY_start = .
 *(SORT_BY_NAME(SORT_BY_ALIGNMENT(.z_device_EARLY[0-9]_*)))
 *(SORT_BY_NAME(SORT_BY_ALIGNMENT(.z_device_EARLY[1-9][0-9]_*)))
                0x00000000100031d0                __device_PRE_KERNEL_1_start = .
 *(SORT_BY_NAME(SORT_BY_ALIGNMENT(.z_device_PRE_KERNEL_1[0-9]_*)))
 *(SORT_BY_NAME(SORT_BY_ALIGNMENT(.z_device_PRE_KERNEL_1[1-9][0-9]_*)))
 .z_device_PRE_KERNEL_140_
                0x00000000100031d0       0x18 zephyr/drivers/reset/libdrivers__reset.a(reset_rpi_pico.c.obj)
                0x00000000100031d0                __device_dts_ord_12
 .z_device_PRE_KERNEL_155_
                0x00000000100031e8       0x18 zephyr/drivers/serial/libdrivers__serial.a(uart_rpi_pico.c.obj)
                0x00000000100031e8                __device_dts_ord_31
                0x0000000010003200                __device_PRE_KERNEL_2_start = .
 *(SORT_BY_NAME(SORT_BY_ALIGNMENT(.z_device_PRE_KERNEL_2[0-9]_*)))
 *(SORT_BY_NAME(SORT_BY_ALIGNMENT(.z_device_PRE_KERNEL_2[1-9][0-9]_*)))
                0x0000000010003200                __device_POST_KERNEL_start = .
 *(SORT_BY_NAME(SORT_BY_ALIGNMENT(.z_device_POST_KERNEL[0-9]_*)))
 *(SORT_BY_NAME(SORT_BY_ALIGNMENT(.z_device_POST_KERNEL[1-9][0-9]_*)))
 .z_device_POST_KERNEL40_
                0x0000000010003200       0x18 zephyr/drivers/gpio/libdrivers__gpio.a(gpio_rpi_pico.c.obj)
                0x0000000010003200                __device_dts_ord_9
                0x0000000010003218                __device_APPLICATION_start = .
 *(SORT_BY_NAME(SORT_BY_ALIGNMENT(.z_device_APPLICATION[0-9]_*)))
 *(SORT_BY_NAME(SORT_BY_ALIGNMENT(.z_device_APPLICATION[1-9][0-9]_*)))
                0x0000000010003218                __device_SMP_start = .
 *(SORT_BY_NAME(SORT_BY_ALIGNMENT(.z_device_SMP[0-9]_*)))
 *(SORT_BY_NAME(SORT_BY_ALIGNMENT(.z_device_SMP[1-9][0-9]_*)))
                0x0000000010003218                __device_end = .

sw_isr_table    0x0000000010003218       0xd0
                0x0000000010003218                . = ALIGN (0x4)
 *(SORT_BY_ALIGNMENT(.gnu.linkonce.sw_isr_table*))
 .gnu.linkonce.sw_isr_table
                0x0000000010003218       0xd0 zephyr/arch/common/libisr_tables.a(isr_tables.c.obj)
                0x0000000010003218                _sw_isr_table

initlevel_error
                0x0000000010003198        0x0
 *(SORT_BY_NAME(SORT_BY_ALIGNMENT(.z_init_[_A-Z0-9]*)))
                0x0000000000000001                ASSERT ((SIZEOF (initlevel_error) == 0x0), Undefined initialization levels used.)

app_shmem_regions
                0x00000000100032e8        0x0
                0x00000000100032e8                __app_shmem_regions_start = .
 *(SORT_BY_NAME(SORT_BY_ALIGNMENT(.app_regions.*)))
                0x00000000100032e8                __app_shmem_regions_end = .

k_p4wq_initparam_area
                0x00000000100032e8        0x0
                0x00000000100032e8                _k_p4wq_initparam_list_start = .
 *(SORT_BY_NAME(SORT_BY_ALIGNMENT(._k_p4wq_initparam.static.*)))
                0x00000000100032e8                _k_p4wq_initparam_list_end = .

_static_thread_data_area
                0x00000000100032e8        0x0
                0x00000000100032e8                __static_thread_data_list_start = .
 *(SORT_BY_NAME(SORT_BY_ALIGNMENT(.__static_thread_data.static.*)))
                0x00000000100032e8                __static_thread_data_list_end = .

device_handles  0x00000000100032e8       0x16
                0x00000000100032e8                __device_handles_start = .
 *(SORT_BY_NAME(SORT_BY_ALIGNMENT(.__device_handles_pass2*)))
 .__device_handles_pass2
                0x00000000100032e8       0x16 zephyr/CMakeFiles/zephyr_pre1.dir/dev_handles.c.obj
                0x00000000100032e8                __devicehdl_dts_ord_9
                0x00000000100032ee                __devicehdl_dts_ord_31
                0x00000000100032f6                __devicehdl_dts_ord_12
                0x00000000100032fe                __device_handles_end = .

ztest           0x00000000100032fe        0x0
                0x00000000100032fe                _ztest_expected_result_entry_list_start = .
 *(SORT_BY_NAME(SORT_BY_ALIGNMENT(._ztest_expected_result_entry.static.*)))
                0x00000000100032fe                _ztest_expected_result_entry_list_end = .
                0x00000000100032fe                _ztest_suite_node_list_start = .
 *(SORT_BY_NAME(SORT_BY_ALIGNMENT(._ztest_suite_node.static.*)))
                0x00000000100032fe                _ztest_suite_node_list_end = .
                0x00000000100032fe                _ztest_unit_test_list_start = .
 *(SORT_BY_NAME(SORT_BY_ALIGNMENT(._ztest_unit_test.static.*)))
                0x00000000100032fe                _ztest_unit_test_list_end = .
                0x00000000100032fe                _ztest_test_rule_list_start = .
 *(SORT_BY_NAME(SORT_BY_ALIGNMENT(._ztest_test_rule.static.*)))
                0x00000000100032fe                _ztest_test_rule_list_end = .

bt_l2cap_fixed_chan_area
                0x00000000100032fe        0x0
                0x00000000100032fe                _bt_l2cap_fixed_chan_list_start = .
 *(SORT_BY_NAME(SORT_BY_ALIGNMENT(._bt_l2cap_fixed_chan.static.*)))
                0x00000000100032fe                _bt_l2cap_fixed_chan_list_end = .

bt_gatt_service_static_area
                0x00000000100032fe        0x0
                0x00000000100032fe                _bt_gatt_service_static_list_start = .
 *(SORT_BY_NAME(SORT_BY_ALIGNMENT(._bt_gatt_service_static.static.*)))
                0x00000000100032fe                _bt_gatt_service_static_list_end = .

log_strings_sections
                0x00000000100032fe        0x0
                0x00000000100032fe                __log_strings_start = .
 *(SORT_BY_NAME(SORT_BY_ALIGNMENT(.log_strings*)))
                0x00000000100032fe                __log_strings_end = .

log_const_sections
                0x00000000100032fe        0x0
                0x00000000100032fe                __log_const_start = .
 *(SORT_BY_NAME(SORT_BY_ALIGNMENT(.log_const_*)))
                0x00000000100032fe                __log_const_end = .

log_backend_area
                0x00000000100032fe        0x0
                0x00000000100032fe                _log_backend_list_start = .
 *(SORT_BY_NAME(SORT_BY_ALIGNMENT(._log_backend.static.*)))
                0x00000000100032fe                _log_backend_list_end = .

log_link_area   0x00000000100032fe        0x0
                0x00000000100032fe                _log_link_list_start = .
 *(SORT_BY_NAME(SORT_BY_ALIGNMENT(._log_link.static.*)))
                0x00000000100032fe                _log_link_list_end = .

tracing_backend_area
                0x00000000100032fe        0x0
                0x00000000100032fe                _tracing_backend_list_start = .
 *(SORT_BY_NAME(SORT_BY_ALIGNMENT(._tracing_backend.static.*)))
                0x00000000100032fe                _tracing_backend_list_end = .

zephyr_dbg_info
 *(SORT_BY_ALIGNMENT(.dbg_thread_info))

symbol_to_keep  0x00000000100032fe        0x0
                0x00000000100032fe                __symbol_to_keep_start = .
 *(SORT_BY_NAME(SORT_BY_ALIGNMENT(.symbol_to_keep*)))
                0x00000000100032fe                __symbol_to_keep_end = .

shell_area      0x00000000100032fe        0x0
                0x00000000100032fe                _shell_list_start = .
 *(SORT_BY_NAME(SORT_BY_ALIGNMENT(._shell.static.*)))
                0x00000000100032fe                _shell_list_end = .

shell_root_cmds_sections
                0x00000000100032fe        0x0
                0x00000000100032fe                __shell_root_cmds_start = .
 *(SORT_BY_NAME(SORT_BY_ALIGNMENT(.shell_root_cmd_*)))
                0x00000000100032fe                __shell_root_cmds_end = .

shell_subcmds_sections
                0x00000000100032fe        0x0
                0x00000000100032fe                __shell_subcmds_start = .
 *(SORT_BY_NAME(SORT_BY_ALIGNMENT(.shell_subcmd_*)))
                0x00000000100032fe                __shell_subcmds_end = .

shell_dynamic_subcmds_sections
                0x00000000100032fe        0x0
                0x00000000100032fe                __shell_dynamic_subcmds_start = .
 *(SORT_BY_NAME(SORT_BY_ALIGNMENT(.shell_dynamic_subcmd_*)))
                0x00000000100032fe                __shell_dynamic_subcmds_end = .

font_entry_sections
                0x00000000100032fe        0x0
                0x00000000100032fe                __font_entry_start = .
 *(SORT_BY_NAME(SORT_BY_ALIGNMENT(._cfb_font.*)))
                0x00000000100032fe                __font_entry_end = .

rodata          0x0000000010003300      0x1cc
 *(SORT_BY_ALIGNMENT(.rodata))
 *(SORT_BY_ALIGNMENT(.rodata.*))
 .rodata.led0   0x0000000010003300        0xc app/libapp.a(main.c.obj)
 .rodata.gpio_rpi_0_config
                0x000000001000330c        0x8 zephyr/drivers/gpio/libdrivers__gpio.a(gpio_rpi_pico.c.obj)
 .rodata.gpio_rpi_driver_api
                0x0000000010003314       0x24 zephyr/drivers/gpio/libdrivers__gpio.a(gpio_rpi_pico.c.obj)
 .rodata.uart0_rpi_config
                0x0000000010003338       0x18 zephyr/drivers/serial/libdrivers__serial.a(uart_rpi_pico.c.obj)
 .rodata.__pinctrl_dev_config__device_dts_ord_31
                0x0000000010003350        0x8 zephyr/drivers/serial/libdrivers__serial.a(uart_rpi_pico.c.obj)
 .rodata.__pinctrl_states__device_dts_ord_31
                0x0000000010003358        0x8 zephyr/drivers/serial/libdrivers__serial.a(uart_rpi_pico.c.obj)
 .rodata.__pinctrl_state_pins_0__device_dts_ord_31
                0x0000000010003360        0x8 zephyr/drivers/serial/libdrivers__serial.a(uart_rpi_pico.c.obj)
 .rodata.uart_rpi_driver_api
                0x0000000010003368       0x4c zephyr/drivers/serial/libdrivers__serial.a(uart_rpi_pico.c.obj)
 .rodata.reset_rpi_config_0
                0x00000000100033b4        0xc zephyr/drivers/reset/libdrivers__reset.a(reset_rpi_pico.c.obj)
 .rodata.reset_rpi_driver_api
                0x00000000100033c0       0x10 zephyr/drivers/reset/libdrivers__reset.a(reset_rpi_pico.c.obj)
 .rodata._k_neg_eagain
                0x00000000100033d0        0x4 zephyr/kernel/libkernel.a(errno.c.obj)
                0x00000000100033d0                _k_neg_eagain
 .rodata.levels.0
                0x00000000100033d4       0x18 zephyr/kernel/libkernel.a(init.c.obj)
 .rodata.blink.str1.1
                0x00000000100033ec       0x50 app/libapp.a(main.c.obj)
 .rodata.z_cbvprintf_impl.str1.1
                0x000000001000343c        0x6 zephyr/libzephyr.a(cbprintf_complete.c.obj)
 .rodata.str1.1
                0x0000000010003442        0xe zephyr/drivers/gpio/libdrivers__gpio.a(gpio_rpi_pico.c.obj)
 .rodata.CSWTCH.19
                0x0000000010003450        0x3 zephyr/drivers/serial/libdrivers__serial.a(uart_rpi_pico.c.obj)
 .rodata.str1.1
                0x0000000010003453        0xe zephyr/drivers/serial/libdrivers__serial.a(uart_rpi_pico.c.obj)
 .rodata.str1.1
                0x0000000010003461       0x1a zephyr/drivers/reset/libdrivers__reset.a(reset_rpi_pico.c.obj)
 .rodata.z_cstart.str1.1
                0x000000001000347b        0x5 zephyr/kernel/libkernel.a(init.c.obj)
 .rodata.boot_banner.str1.1
                0x0000000010003480       0x42 zephyr/kernel/libkernel.a(banner.c.obj)
 .rodata.k_sys_work_q_init.str1.1
                0x00000000100034c2        0x9 zephyr/kernel/libkernel.a(system_work_q.c.obj)
 *(SORT_BY_ALIGNMENT(.gnu.linkonce.r.*))
                0x00000000100034cc                . = ALIGN (0x4)
 *fill*         0x00000000100034cb        0x1 
                0x00000000100034cc                __rodata_region_end = .
                0x00000000100034cc                . = ALIGN (_region_min_align)
                0x00000000100034cc                __rom_region_end = ((__rom_region_start + .) - ADDR (rom_start))

/DISCARD/
 *(SORT_BY_ALIGNMENT(.got.plt))
 *(SORT_BY_ALIGNMENT(.igot.plt))
 *(SORT_BY_ALIGNMENT(.got))
 *(SORT_BY_ALIGNMENT(.igot))
                0x0000000020000000                . = 0x20000000
                0x0000000020000000                . = ALIGN (_region_min_align)
                0x0000000020000000                _image_ram_start = .

.ramfunc        0x0000000020000000        0x0 load address 0x00000000100034cc
                0x0000000020000000                . = ALIGN (_region_min_align)
                0x0000000020000000                __ramfunc_start = .
 *(SORT_BY_ALIGNMENT(.ramfunc))
 *(SORT_BY_ALIGNMENT(.ramfunc.*))
                0x0000000020000000                . = ALIGN (_region_min_align)
                0x0000000020000000                __ramfunc_end = .
                0x0000000000000000                __ramfunc_size = (__ramfunc_end - __ramfunc_start)
                0x00000000100034cc                __ramfunc_load_start = LOADADDR (.ramfunc)

datas           0x0000000020000000       0x30 load address 0x00000000100034cc
                0x0000000020000000                __data_region_start = .
                0x0000000020000000                __data_start = .
 *(SORT_BY_ALIGNMENT(.data))
 *(SORT_BY_ALIGNMENT(.data.*))
 .data.blink_work
                0x0000000020000000       0x10 app/libapp.a(main.c.obj)
                0x0000000020000000                blink_work
 .data._char_out
                0x0000000020000010        0x4 zephyr/libzephyr.a(printk.c.obj)
                0x0000000020000010                _char_out
 .data._stdout_hook
                0x0000000020000014        0x4 zephyr/lib/libc/minimal/liblib__libc__minimal.a(stdout_console.c.obj)
 .data.uart0_rpi_data
                0x0000000020000018       0x10 zephyr/drivers/serial/libdrivers__serial.a(uart_rpi_pico.c.obj)
 .data.timeout_list
                0x0000000020000028        0x8 zephyr/kernel/libkernel.a(timeout.c.obj)
 *(SORT_BY_ALIGNMENT(.kernel.*))
                0x0000000020000030                __data_end = .
                0x0000000000000030                __data_size = (__data_end - __data_start)
                0x00000000100034cc                __data_load_start = LOADADDR (datas)
                0x00000000100034cc                __data_region_load_start = LOADADDR (datas)

device_states   0x0000000020000030        0x6 load address 0x00000000100034fc
                0x0000000020000030                __device_states_start = .
 *(SORT_BY_ALIGNMENT(.z_devstate))
 .z_devstate    0x0000000020000030        0x2 zephyr/drivers/gpio/libdrivers__gpio.a(gpio_rpi_pico.c.obj)
 .z_devstate    0x0000000020000032        0x2 zephyr/drivers/serial/libdrivers__serial.a(uart_rpi_pico.c.obj)
 .z_devstate    0x0000000020000034        0x2 zephyr/drivers/reset/libdrivers__reset.a(reset_rpi_pico.c.obj)
 *(SORT_BY_ALIGNMENT(.z_devstate.*))
                0x0000000020000036                __device_states_end = .

initshell       0x0000000020000036        0x0 load address 0x0000000010003502
                0x0000000020000036                __shell_module_start = .
 *(SORT_BY_ALIGNMENT(.shell_module_*))
                0x0000000020000036                __shell_module_end = .
                0x0000000020000036                __shell_cmd_start = .
 *(SORT_BY_ALIGNMENT(.shell_cmd_*))
                0x0000000020000036                __shell_cmd_end = .

log_mpsc_pbuf_area
                0x0000000020000036        0x0 load address 0x0000000010003502
                0x0000000020000036                _log_mpsc_pbuf_list_start = .
 *(SORT_BY_NAME(SORT_BY_ALIGNMENT(._log_mpsc_pbuf.static.*)))
                0x0000000020000036                _log_mpsc_pbuf_list_end = .

log_msg_ptr_area
                0x0000000020000036        0x0 load address 0x0000000010003502
                0x0000000020000036                _log_msg_ptr_list_start = .
 *(SORT_BY_NAME(SORT_BY_ALIGNMENT(._log_msg_ptr.static.*)))
                0x0000000020000036                _log_msg_ptr_list_end = .

log_dynamic_sections
                0x0000000020000036        0x0 load address 0x0000000010003502
                0x0000000020000036                __log_dynamic_start = .
 *(SORT_BY_NAME(SORT_BY_ALIGNMENT(.log_dynamic_*)))
                0x0000000020000036                __log_dynamic_end = .

k_timer_area    0x0000000020000038       0x38 load address 0x0000000010003504
                0x0000000020000038                _k_timer_list_start = .
 *(SORT_BY_NAME(SORT_BY_ALIGNMENT(._k_timer.static.*)))
 ._k_timer.static.blink_timer
                0x0000000020000038       0x38 app/libapp.a(main.c.obj)
                0x0000000020000038                blink_timer
                0x0000000020000070                _k_timer_list_end = .

k_mem_slab_area
                0x0000000020000070        0x0 load address 0x000000001000353c
                0x0000000020000070                _k_mem_slab_list_start = .
 *(SORT_BY_NAME(SORT_BY_ALIGNMENT(._k_mem_slab.static.*)))
                0x0000000020000070                _k_mem_slab_list_end = .

k_heap_area     0x0000000020000070        0x0 load address 0x000000001000353c
                0x0000000020000070                _k_heap_list_start = .
 *(SORT_BY_NAME(SORT_BY_ALIGNMENT(._k_heap.static.*)))
                0x0000000020000070                _k_heap_list_end = .

k_mutex_area    0x0000000020000070        0x0 load address 0x000000001000353c
                0x0000000020000070                _k_mutex_list_start = .
 *(SORT_BY_NAME(SORT_BY_ALIGNMENT(._k_mutex.static.*)))
                0x0000000020000070                _k_mutex_list_end = .

k_stack_area    0x0000000020000070        0x0 load address 0x000000001000353c
                0x0000000020000070                _k_stack_list_start = .
 *(SORT_BY_NAME(SORT_BY_ALIGNMENT(._k_stack.static.*)))
                0x0000000020000070                _k_stack_list_end = .

k_msgq_area     0x0000000020000070        0x0 load address 0x000000001000353c
                0x0000000020000070                _k_msgq_list_start = .
 *(SORT_BY_NAME(SORT_BY_ALIGNMENT(._k_msgq.static.*)))
                0x0000000020000070                _k_msgq_list_end = .

k_mbox_area     0x0000000020000070        0x0 load address 0x000000001000353c
                0x0000000020000070                _k_mbox_list_start = .
 *(SORT_BY_NAME(SORT_BY_ALIGNMENT(._k_mbox.static.*)))
                0x0000000020000070                _k_mbox_list_end = .

k_pipe_area     0x0000000020000070        0x0 load address 0x000000001000353c
                0x0000000020000070                _k_pipe_list_start = .
 *(SORT_BY_NAME(SORT_BY_ALIGNMENT(._k_pipe.static.*)))
                0x0000000020000070                _k_pipe_list_end = .

k_sem_area      0x0000000020000070        0x0 load address 0x000000001000353c
                0x0000000020000070                _k_sem_list_start = .
 *(SORT_BY_NAME(SORT_BY_ALIGNMENT(._k_sem.static.*)))
                0x0000000020000070                _k_sem_list_end = .

k_event_area    0x0000000020000070        0x0 load address 0x000000001000353c
                0x0000000020000070                _k_event_list_start = .
 *(SORT_BY_NAME(SORT_BY_ALIGNMENT(._k_event.static.*)))
                0x0000000020000070                _k_event_list_end = .

k_queue_area    0x0000000020000070        0x0 load address 0x000000001000353c
                0x0000000020000070                _k_queue_list_start = .
 *(SORT_BY_NAME(SORT_BY_ALIGNMENT(._k_queue.static.*)))
                0x0000000020000070                _k_queue_list_end = .

k_condvar_area  0x0000000020000070        0x0 load address 0x000000001000353c
                0x0000000020000070                _k_condvar_list_start = .
 *(SORT_BY_NAME(SORT_BY_ALIGNMENT(._k_condvar.static.*)))
                0x0000000020000070                _k_condvar_list_end = .

_net_buf_pool_area
                0x0000000020000070        0x0 load address 0x000000001000353c
                0x0000000020000070                _net_buf_pool_list = .
 *(SORT_BY_NAME(SORT_BY_ALIGNMENT(._net_buf_pool.static.*)))
                0x0000000020000070                __data_region_end = .

bss             0x0000000020000070      0x205
                0x0000000020000070                . = ALIGN (0x4)
                0x0000000020000070                __bss_start = .
                0x0000000020000070                __kernel_ram_start = .
 *(SORT_BY_ALIGNMENT(.bss))
 *(SORT_BY_ALIGNMENT(.bss.*))
 .bss.z_idle_threads
                0x0000000020000070       0x70 zephyr/kernel/libkernel.a(init.c.obj)
                0x0000000020000070                z_idle_threads
 .bss.z_main_thread
                0x00000000200000e0       0x70 zephyr/kernel/libkernel.a(init.c.obj)
                0x00000000200000e0                z_main_thread
 .bss.curr_tick
                0x0000000020000150        0x8 zephyr/kernel/libkernel.a(timeout.c.obj)
 .bss.k_sys_work_q
                0x0000000020000158       0x90 zephyr/kernel/libkernel.a(system_work_q.c.obj)
                0x0000000020000158                k_sys_work_q
 .bss.cnt       0x00000000200001e8        0x4 app/libapp.a(main.c.obj)
                0x00000000200001e8                cnt
 .bss.gpio_rpi_0_data
                0x00000000200001ec       0x10 zephyr/drivers/gpio/libdrivers__gpio.a(gpio_rpi_pico.c.obj)
 .bss.overflow_cyc
                0x00000000200001fc        0x4 zephyr/drivers/timer/libdrivers__timer.a(cortex_m_systick.c.obj)
 .bss.announced_cycles
                0x0000000020000200        0x4 zephyr/drivers/timer/libdrivers__timer.a(cortex_m_systick.c.obj)
 .bss.cycle_count
                0x0000000020000204        0x4 zephyr/drivers/timer/libdrivers__timer.a(cortex_m_systick.c.obj)
 .bss.last_load
                0x0000000020000208        0x4 zephyr/drivers/timer/libdrivers__timer.a(cortex_m_systick.c.obj)
 .bss.configured_freq
                0x000000002000020c       0x28 modules/hal_rpi_pico/libmodules__hal_rpi_pico.a(clocks.c.obj)
 .bss._kernel   0x0000000020000234       0x24 zephyr/kernel/libkernel.a(init.c.obj)
                0x0000000020000234                _kernel
 .bss.pending_cancels
                0x0000000020000258        0x8 zephyr/kernel/libkernel.a(work.c.obj)
 .bss.pending_current
                0x0000000020000260        0x4 zephyr/kernel/libkernel.a(sched.c.obj)
 .bss.slice_max_prio
                0x0000000020000264        0x4 zephyr/kernel/libkernel.a(sched.c.obj)
 .bss.slice_ticks
                0x0000000020000268        0x4 zephyr/kernel/libkernel.a(sched.c.obj)
 .bss.announce_remaining
                0x000000002000026c        0x4 zephyr/kernel/libkernel.a(timeout.c.obj)
 .bss.uart_char_to_line_feed
                0x0000000020000270        0x4 modules/hal_rpi_pico/libmodules__hal_rpi_pico.a(uart.c.obj)
                0x0000000020000270                uart_char_to_line_feed
 .bss.z_sys_post_kernel
                0x0000000020000274        0x1 zephyr/kernel/libkernel.a(init.c.obj)
                0x0000000020000274                z_sys_post_kernel
 .bss.lock      0x0000000020000275        0x0 zephyr/kernel/libkernel.a(sem.c.obj)
 .bss.lock      0x0000000020000275        0x0 zephyr/kernel/libkernel.a(work.c.obj)
 .bss.sched_spinlock
                0x0000000020000275        0x0 zephyr/kernel/libkernel.a(sched.c.obj)
                0x0000000020000275                sched_spinlock
 *(SORT_BY_ALIGNMENT(COMMON))
 *(SORT_BY_ALIGNMENT(.kernel_bss.*))
                0x0000000020000278                __bss_end = ALIGN (0x4)

noinit          0x0000000020000278     0x1100
 *(SORT_BY_ALIGNMENT(.noinit))
 *(SORT_BY_ALIGNMENT(.noinit.*))
 .noinit."WEST_TOPDIR/zephyr/kernel/init.c".2
                0x0000000020000278      0x800 zephyr/kernel/libkernel.a(init.c.obj)
                0x0000000020000278                z_interrupt_stacks
 .noinit."WEST_TOPDIR/zephyr/kernel/init.c".1
                0x0000000020000a78      0x100 zephyr/kernel/libkernel.a(init.c.obj)
 .noinit."WEST_TOPDIR/zephyr/kernel/init.c".0
                0x0000000020000b78      0x400 zephyr/kernel/libkernel.a(init.c.obj)
                0x0000000020000b78                z_main_stack
 .noinit."WEST_TOPDIR/zephyr/kernel/system_work_q.c".0
                0x0000000020000f78      0x400 zephyr/kernel/libkernel.a(system_work_q.c.obj)
 *(SORT_BY_ALIGNMENT(.kernel_noinit.*))
                0x0000000020001378                _image_ram_end = .
                0x0000000020001378                _end = .
                0x0000000020042000                __kernel_ram_end = 0x20042000
                0x0000000000041f90                __kernel_ram_size = (__kernel_ram_end - __kernel_ram_start)

.intList        0x00000000fffff800       0x28
 *(SORT_BY_ALIGNMENT(.irq_info*))
 .irq_info      0x00000000fffff800        0x8 zephyr/arch/common/libisr_tables.a(isr_tables.c.obj)
                0x00000000fffff800                _iheader
 *(SORT_BY_ALIGNMENT(.intList*))
 .intList       0x00000000fffff808       0x10 zephyr/drivers/gpio/libdrivers__gpio.a(gpio_rpi_pico.c.obj)
 .intList       0x00000000fffff818       0x10 zephyr/drivers/serial/libdrivers__serial.a(uart_rpi_pico.c.obj)

.stab
 *(SORT_BY_ALIGNMENT(.stab))

.stabstr
 *(SORT_BY_ALIGNMENT(.stabstr))

.stab.excl
 *(SORT_BY_ALIGNMENT(.stab.excl))

.stab.exclstr
 *(SORT_BY_ALIGNMENT(.stab.exclstr))

.stab.index
 *(SORT_BY_ALIGNMENT(.stab.index))

.stab.indexstr
 *(SORT_BY_ALIGNMENT(.stab.indexstr))

.gnu.build.attributes
 *(SORT_BY_ALIGNMENT(.gnu.build.attributes) SORT_BY_ALIGNMENT(.gnu.build.attributes.*))

.comment        0x0000000000000000       0x20
 *(SORT_BY_ALIGNMENT(.comment))
 .comment       0x0000000000000000       0x20 zephyr/CMakeFiles/zephyr_pre1.dir/dev_handles.c.obj
                                         0x21 (size before relaxing)
 .comment       0x0000000000000020       0x21 zephyr/CMakeFiles/offsets.dir/./arch/arm/core/offsets/offsets.c.obj
 .comment       0x0000000000000020       0x21 app/libapp.a(main.c.obj)
 .comment       0x0000000000000020       0x21 zephyr/libzephyr.a(printk.c.obj)
 .comment       0x0000000000000020       0x21 zephyr/libzephyr.a(thread_entry.c.obj)
 .comment       0x0000000000000020       0x21 zephyr/libzephyr.a(cbprintf_complete.c.obj)
 .comment       0x0000000000000020       0x21 zephyr/libzephyr.a(configs.c.obj)
 .comment       0x0000000000000020       0x21 zephyr/arch/arch/arm/core/aarch32/libarch__arm__core__aarch32.a(fatal.c.obj)
 .comment       0x0000000000000020       0x21 zephyr/arch/arch/arm/core/aarch32/libarch__arm__core__aarch32.a(irq_manage.c.obj)
 .comment       0x0000000000000020       0x21 zephyr/arch/arch/arm/core/aarch32/libarch__arm__core__aarch32.a(nmi.c.obj)
 .comment       0x0000000000000020       0x21 zephyr/arch/arch/arm/core/aarch32/libarch__arm__core__aarch32.a(prep_c.c.obj)
 .comment       0x0000000000000020       0x21 zephyr/arch/arch/arm/core/aarch32/libarch__arm__core__aarch32.a(swap.c.obj)
 .comment       0x0000000000000020       0x21 zephyr/arch/arch/arm/core/aarch32/libarch__arm__core__aarch32.a(thread.c.obj)
 .comment       0x0000000000000020       0x21 zephyr/arch/arch/arm/core/aarch32/cortex_m/libarch__arm__core__aarch32__cortex_m.a(fault.c.obj)
 .comment       0x0000000000000020       0x21 zephyr/arch/arch/arm/core/aarch32/cortex_m/libarch__arm__core__aarch32__cortex_m.a(irq_init.c.obj)
 .comment       0x0000000000000020       0x21 zephyr/arch/arch/arm/core/aarch32/cortex_m/libarch__arm__core__aarch32__cortex_m.a(thread_abort.c.obj)
 .comment       0x0000000000000020       0x21 zephyr/lib/libc/minimal/liblib__libc__minimal.a(string.c.obj)
 .comment       0x0000000000000020       0x21 zephyr/lib/libc/minimal/liblib__libc__minimal.a(stdout_console.c.obj)
 .comment       0x0000000000000020       0x21 zephyr/soc/arm/rpi_pico/rp2/libsoc__arm__rpi_pico__rp2.a(soc.c.obj)
 .comment       0x0000000000000020       0x21 zephyr/drivers/console/libdrivers__console.a(uart_console.c.obj)
 .comment       0x0000000000000020       0x21 zephyr/drivers/gpio/libdrivers__gpio.a(gpio_rpi_pico.c.obj)
 .comment       0x0000000000000020       0x21 zephyr/drivers/serial/libdrivers__serial.a(uart_rpi_pico.c.obj)
 .comment       0x0000000000000020       0x21 zephyr/drivers/timer/libdrivers__timer.a(cortex_m_systick.c.obj)
 .comment       0x0000000000000020       0x21 zephyr/drivers/pinctrl/libdrivers__pinctrl.a(common.c.obj)
 .comment       0x0000000000000020       0x21 zephyr/drivers/pinctrl/libdrivers__pinctrl.a(pinctrl_rpi_pico.c.obj)
 .comment       0x0000000000000020       0x21 zephyr/drivers/reset/libdrivers__reset.a(reset_rpi_pico.c.obj)
 .comment       0x0000000000000020       0x21 modules/hal_rpi_pico/libmodules__hal_rpi_pico.a(clocks.c.obj)
 .comment       0x0000000000000020       0x21 modules/hal_rpi_pico/libmodules__hal_rpi_pico.a(pll.c.obj)
 .comment       0x0000000000000020       0x21 modules/hal_rpi_pico/libmodules__hal_rpi_pico.a(xosc.c.obj)
 .comment       0x0000000000000020       0x21 modules/hal_rpi_pico/libmodules__hal_rpi_pico.a(watchdog.c.obj)
 .comment       0x0000000000000020       0x21 modules/hal_rpi_pico/libmodules__hal_rpi_pico.a(platform.c.obj)
 .comment       0x0000000000000020       0x21 modules/hal_rpi_pico/libmodules__hal_rpi_pico.a(gpio.c.obj)
 .comment       0x0000000000000020       0x21 modules/hal_rpi_pico/libmodules__hal_rpi_pico.a(uart.c.obj)
 .comment       0x0000000000000020       0x21 zephyr/kernel/libkernel.a(device.c.obj)
 .comment       0x0000000000000020       0x21 zephyr/kernel/libkernel.a(errno.c.obj)
 .comment       0x0000000000000020       0x21 zephyr/kernel/libkernel.a(fatal.c.obj)
 .comment       0x0000000000000020       0x21 zephyr/kernel/libkernel.a(init.c.obj)
 .comment       0x0000000000000020       0x21 zephyr/kernel/libkernel.a(thread.c.obj)
 .comment       0x0000000000000020       0x21 zephyr/kernel/libkernel.a(idle.c.obj)
 .comment       0x0000000000000020       0x21 zephyr/kernel/libkernel.a(sem.c.obj)
 .comment       0x0000000000000020       0x21 zephyr/kernel/libkernel.a(work.c.obj)
 .comment       0x0000000000000020       0x21 zephyr/kernel/libkernel.a(sched.c.obj)
 .comment       0x0000000000000020       0x21 zephyr/kernel/libkernel.a(xip.c.obj)
 .comment       0x0000000000000020       0x21 zephyr/kernel/libkernel.a(timeout.c.obj)
 .comment       0x0000000000000020       0x21 zephyr/kernel/libkernel.a(timer.c.obj)
 .comment       0x0000000000000020       0x21 zephyr/kernel/libkernel.a(banner.c.obj)
 .comment       0x0000000000000020       0x21 zephyr/kernel/libkernel.a(system_work_q.c.obj)
 .comment       0x0000000000000020       0x21 zephyr/arch/common/libisr_tables.a(isr_tables.c.obj)

.debug
 *(SORT_BY_ALIGNMENT(.debug))

.line
 *(SORT_BY_ALIGNMENT(.line))

.debug_srcinfo
 *(SORT_BY_ALIGNMENT(.debug_srcinfo))

.debug_sfnames
 *(SORT_BY_ALIGNMENT(.debug_sfnames))

.debug_aranges  0x0000000000000000      0xfd8
 *(SORT_BY_ALIGNMENT(.debug_aranges))
 .debug_aranges
                0x0000000000000000       0x30 zephyr/arch/arch/arm/core/aarch32/libarch__arm__core__aarch32.a(cpu_idle.S.obj)
 .debug_aranges
                0x0000000000000030       0x20 zephyr/arch/arch/arm/core/aarch32/libarch__arm__core__aarch32.a(nmi_on_reset.S.obj)
 .debug_aranges
                0x0000000000000050       0x28 zephyr/arch/arch/arm/core/aarch32/libarch__arm__core__aarch32.a(swap_helper.S.obj)
 .debug_aranges
                0x0000000000000078       0x20 zephyr/arch/arch/arm/core/aarch32/libarch__arm__core__aarch32.a(isr_wrapper.S.obj)
 .debug_aranges
                0x0000000000000098       0x20 zephyr/arch/arch/arm/core/aarch32/cortex_m/libarch__arm__core__aarch32__cortex_m.a(exc_exit.S.obj)
 .debug_aranges
                0x00000000000000b8       0x20 zephyr/arch/arch/arm/core/aarch32/cortex_m/libarch__arm__core__aarch32__cortex_m.a(fault_s.S.obj)
 .debug_aranges
                0x00000000000000d8       0x20 zephyr/arch/arch/arm/core/aarch32/cortex_m/libarch__arm__core__aarch32__cortex_m.a(reset.S.obj)
 .debug_aranges
                0x00000000000000f8       0x18 zephyr/CMakeFiles/zephyr_pre1.dir/dev_handles.c.obj
 .debug_aranges
                0x0000000000000110       0x20 zephyr/CMakeFiles/offsets.dir/./arch/arm/core/offsets/offsets.c.obj
 .debug_aranges
                0x0000000000000130       0x38 app/libapp.a(main.c.obj)
 .debug_aranges
                0x0000000000000168       0x68 zephyr/libzephyr.a(printk.c.obj)
 .debug_aranges
                0x00000000000001d0       0x20 zephyr/libzephyr.a(thread_entry.c.obj)
 .debug_aranges
                0x00000000000001f0       0x30 zephyr/libzephyr.a(cbprintf_complete.c.obj)
 .debug_aranges
                0x0000000000000220       0x20 zephyr/libzephyr.a(configs.c.obj)
 .debug_aranges
                0x0000000000000240       0x30 zephyr/arch/arch/arm/core/aarch32/libarch__arm__core__aarch32.a(fatal.c.obj)
 .debug_aranges
                0x0000000000000270       0x40 zephyr/arch/arch/arm/core/aarch32/libarch__arm__core__aarch32.a(irq_manage.c.obj)
 .debug_aranges
                0x00000000000002b0       0x20 zephyr/arch/arch/arm/core/aarch32/libarch__arm__core__aarch32.a(nmi.c.obj)
 .debug_aranges
                0x00000000000002d0       0x20 zephyr/arch/arch/arm/core/aarch32/libarch__arm__core__aarch32.a(prep_c.c.obj)
 .debug_aranges
                0x00000000000002f0       0x20 zephyr/arch/arch/arm/core/aarch32/libarch__arm__core__aarch32.a(swap.c.obj)
 .debug_aranges
                0x0000000000000310       0x28 zephyr/arch/arch/arm/core/aarch32/libarch__arm__core__aarch32.a(thread.c.obj)
 .debug_aranges
                0x0000000000000338       0x28 zephyr/arch/arch/arm/core/aarch32/cortex_m/libarch__arm__core__aarch32__cortex_m.a(fault.c.obj)
 .debug_aranges
                0x0000000000000360       0x20 zephyr/arch/arch/arm/core/aarch32/cortex_m/libarch__arm__core__aarch32__cortex_m.a(irq_init.c.obj)
 .debug_aranges
                0x0000000000000380       0x20 zephyr/arch/arch/arm/core/aarch32/cortex_m/libarch__arm__core__aarch32__cortex_m.a(thread_abort.c.obj)
 .debug_aranges
                0x00000000000003a0       0x98 zephyr/lib/libc/minimal/liblib__libc__minimal.a(string.c.obj)
 .debug_aranges
                0x0000000000000438       0x58 zephyr/lib/libc/minimal/liblib__libc__minimal.a(stdout_console.c.obj)
 .debug_aranges
                0x0000000000000490       0x20 zephyr/soc/arm/rpi_pico/rp2/libsoc__arm__rpi_pico__rp2.a(soc.c.obj)
 .debug_aranges
                0x00000000000004b0       0x30 zephyr/drivers/console/libdrivers__console.a(uart_console.c.obj)
 .debug_aranges
                0x00000000000004e0       0x70 zephyr/drivers/gpio/libdrivers__gpio.a(gpio_rpi_pico.c.obj)
 .debug_aranges
                0x0000000000000550       0xd0 zephyr/drivers/serial/libdrivers__serial.a(uart_rpi_pico.c.obj)
 .debug_aranges
                0x0000000000000620       0x58 zephyr/drivers/timer/libdrivers__timer.a(cortex_m_systick.c.obj)
 .debug_aranges
                0x0000000000000678       0x20 zephyr/drivers/pinctrl/libdrivers__pinctrl.a(common.c.obj)
 .debug_aranges
                0x0000000000000698       0x20 zephyr/drivers/pinctrl/libdrivers__pinctrl.a(pinctrl_rpi_pico.c.obj)
 .debug_aranges
                0x00000000000006b8       0x50 zephyr/drivers/reset/libdrivers__reset.a(reset_rpi_pico.c.obj)
 .debug_aranges
                0x0000000000000708       0x68 modules/hal_rpi_pico/libmodules__hal_rpi_pico.a(clocks.c.obj)
 .debug_aranges
                0x0000000000000770       0x28 modules/hal_rpi_pico/libmodules__hal_rpi_pico.a(pll.c.obj)
 .debug_aranges
                0x0000000000000798       0x30 modules/hal_rpi_pico/libmodules__hal_rpi_pico.a(xosc.c.obj)
 .debug_aranges
                0x00000000000007c8       0x58 modules/hal_rpi_pico/libmodules__hal_rpi_pico.a(watchdog.c.obj)
 .debug_aranges
                0x0000000000000820       0x28 modules/hal_rpi_pico/libmodules__hal_rpi_pico.a(platform.c.obj)
 .debug_aranges
                0x0000000000000848       0xd0 modules/hal_rpi_pico/libmodules__hal_rpi_pico.a(gpio.c.obj)
 .debug_aranges
                0x0000000000000918       0x40 modules/hal_rpi_pico/libmodules__hal_rpi_pico.a(uart.c.obj)
 .debug_aranges
                0x0000000000000958       0x50 zephyr/kernel/libkernel.a(device.c.obj)
 .debug_aranges
                0x00000000000009a8       0x20 zephyr/kernel/libkernel.a(errno.c.obj)
 .debug_aranges
                0x00000000000009c8       0x60 zephyr/kernel/libkernel.a(fatal.c.obj)
 .debug_aranges
                0x0000000000000a28       0x50 zephyr/kernel/libkernel.a(init.c.obj)
 .debug_aranges
                0x0000000000000a78       0xb8 zephyr/kernel/libkernel.a(thread.c.obj)
 .debug_aranges
                0x0000000000000b30       0x28 zephyr/kernel/libkernel.a(idle.c.obj)
 .debug_aranges
                0x0000000000000b58       0x38 zephyr/kernel/libkernel.a(sem.c.obj)
 .debug_aranges
                0x0000000000000b90      0x110 zephyr/kernel/libkernel.a(work.c.obj)
 .debug_aranges
                0x0000000000000ca0      0x1e0 zephyr/kernel/libkernel.a(sched.c.obj)
 .debug_aranges
                0x0000000000000e80       0x20 zephyr/kernel/libkernel.a(xip.c.obj)
 .debug_aranges
                0x0000000000000ea0       0x98 zephyr/kernel/libkernel.a(timeout.c.obj)
 .debug_aranges
                0x0000000000000f38       0x48 zephyr/kernel/libkernel.a(timer.c.obj)
 .debug_aranges
                0x0000000000000f80       0x20 zephyr/kernel/libkernel.a(banner.c.obj)
 .debug_aranges
                0x0000000000000fa0       0x20 zephyr/kernel/libkernel.a(system_work_q.c.obj)
 .debug_aranges
                0x0000000000000fc0       0x18 zephyr/arch/common/libisr_tables.a(isr_tables.c.obj)

.debug_pubnames
 *(SORT_BY_ALIGNMENT(.debug_pubnames))

.debug_info     0x0000000000000000    0x2a67f
 *(SORT_BY_ALIGNMENT(.debug_info) SORT_BY_ALIGNMENT(.gnu.linkonce.wi.*))
 .debug_info    0x0000000000000000       0xf9 zephyr/CMakeFiles/zephyr_pre1.dir/dev_handles.c.obj
 .debug_info    0x00000000000000f9       0xd0 zephyr/CMakeFiles/offsets.dir/./arch/arm/core/offsets/offsets.c.obj
 .debug_info    0x00000000000001c9     0x14da app/libapp.a(main.c.obj)
 .debug_info    0x00000000000016a3      0x6a4 zephyr/libzephyr.a(printk.c.obj)
 .debug_info    0x0000000000001d47      0x5d2 zephyr/libzephyr.a(thread_entry.c.obj)
 .debug_info    0x0000000000002319     0x1081 zephyr/libzephyr.a(cbprintf_complete.c.obj)
 .debug_info    0x000000000000339a       0x38 zephyr/libzephyr.a(configs.c.obj)
 .debug_info    0x00000000000033d2       0x22 zephyr/arch/arch/arm/core/aarch32/libarch__arm__core__aarch32.a(cpu_idle.S.obj)
 .debug_info    0x00000000000033f4     0x2559 zephyr/arch/arch/arm/core/aarch32/libarch__arm__core__aarch32.a(fatal.c.obj)
 .debug_info    0x000000000000594d      0x660 zephyr/arch/arch/arm/core/aarch32/libarch__arm__core__aarch32.a(irq_manage.c.obj)
 .debug_info    0x0000000000005fad       0xb6 zephyr/arch/arch/arm/core/aarch32/libarch__arm__core__aarch32.a(nmi.c.obj)
 .debug_info    0x0000000000006063       0x23 zephyr/arch/arch/arm/core/aarch32/libarch__arm__core__aarch32.a(nmi_on_reset.S.obj)
 .debug_info    0x0000000000006086      0x21f zephyr/arch/arch/arm/core/aarch32/libarch__arm__core__aarch32.a(prep_c.c.obj)
 .debug_info    0x00000000000062a5      0x670 zephyr/arch/arch/arm/core/aarch32/libarch__arm__core__aarch32.a(swap.c.obj)
 .debug_info    0x0000000000006915       0x22 zephyr/arch/arch/arm/core/aarch32/libarch__arm__core__aarch32.a(swap_helper.S.obj)
 .debug_info    0x0000000000006937      0x7d9 zephyr/arch/arch/arm/core/aarch32/libarch__arm__core__aarch32.a(thread.c.obj)
 .debug_info    0x0000000000007110       0x23 zephyr/arch/arch/arm/core/aarch32/libarch__arm__core__aarch32.a(isr_wrapper.S.obj)
 .debug_info    0x0000000000007133       0x23 zephyr/arch/arch/arm/core/aarch32/cortex_m/libarch__arm__core__aarch32__cortex_m.a(exc_exit.S.obj)
 .debug_info    0x0000000000007156     0x250b zephyr/arch/arch/arm/core/aarch32/cortex_m/libarch__arm__core__aarch32__cortex_m.a(fault.c.obj)
 .debug_info    0x0000000000009661       0x23 zephyr/arch/arch/arm/core/aarch32/cortex_m/libarch__arm__core__aarch32__cortex_m.a(fault_s.S.obj)
 .debug_info    0x0000000000009684      0x309 zephyr/arch/arch/arm/core/aarch32/cortex_m/libarch__arm__core__aarch32__cortex_m.a(irq_init.c.obj)
 .debug_info    0x000000000000998d       0x23 zephyr/arch/arch/arm/core/aarch32/cortex_m/libarch__arm__core__aarch32__cortex_m.a(reset.S.obj)
 .debug_info    0x00000000000099b0      0x6b0 zephyr/arch/arch/arm/core/aarch32/cortex_m/libarch__arm__core__aarch32__cortex_m.a(thread_abort.c.obj)
 .debug_info    0x000000000000a060      0x717 zephyr/lib/libc/minimal/liblib__libc__minimal.a(string.c.obj)
 .debug_info    0x000000000000a777      0x719 zephyr/lib/libc/minimal/liblib__libc__minimal.a(stdout_console.c.obj)
 .debug_info    0x000000000000ae90      0x453 zephyr/soc/arm/rpi_pico/rp2/libsoc__arm__rpi_pico__rp2.a(soc.c.obj)
 .debug_info    0x000000000000b2e3      0x8d8 zephyr/drivers/console/libdrivers__console.a(uart_console.c.obj)
 .debug_info    0x000000000000bbbb     0x1a9b zephyr/drivers/gpio/libdrivers__gpio.a(gpio_rpi_pico.c.obj)
 .debug_info    0x000000000000d656     0x1791 zephyr/drivers/serial/libdrivers__serial.a(uart_rpi_pico.c.obj)
 .debug_info    0x000000000000ede7      0xa0b zephyr/drivers/timer/libdrivers__timer.a(cortex_m_systick.c.obj)
 .debug_info    0x000000000000f7f2      0x200 zephyr/drivers/pinctrl/libdrivers__pinctrl.a(common.c.obj)
 .debug_info    0x000000000000f9f2      0x377 zephyr/drivers/pinctrl/libdrivers__pinctrl.a(pinctrl_rpi_pico.c.obj)
 .debug_info    0x000000000000fd69      0x9c7 zephyr/drivers/reset/libdrivers__reset.a(reset_rpi_pico.c.obj)
 .debug_info    0x0000000000010730      0xfa2 modules/hal_rpi_pico/libmodules__hal_rpi_pico.a(clocks.c.obj)
 .debug_info    0x00000000000116d2      0x3ff modules/hal_rpi_pico/libmodules__hal_rpi_pico.a(pll.c.obj)
 .debug_info    0x0000000000011ad1      0x1b5 modules/hal_rpi_pico/libmodules__hal_rpi_pico.a(xosc.c.obj)
 .debug_info    0x0000000000011c86      0x501 modules/hal_rpi_pico/libmodules__hal_rpi_pico.a(watchdog.c.obj)
 .debug_info    0x0000000000012187      0x12e modules/hal_rpi_pico/libmodules__hal_rpi_pico.a(platform.c.obj)
 .debug_info    0x00000000000122b5     0x138b modules/hal_rpi_pico/libmodules__hal_rpi_pico.a(gpio.c.obj)
 .debug_info    0x0000000000013640      0xa97 modules/hal_rpi_pico/libmodules__hal_rpi_pico.a(uart.c.obj)
 .debug_info    0x00000000000140d7      0x6cf zephyr/kernel/libkernel.a(device.c.obj)
 .debug_info    0x00000000000147a6      0x5f7 zephyr/kernel/libkernel.a(errno.c.obj)
 .debug_info    0x0000000000014d9d     0x27b1 zephyr/kernel/libkernel.a(fatal.c.obj)
 .debug_info    0x000000000001754e     0x128a zephyr/kernel/libkernel.a(init.c.obj)
 .debug_info    0x00000000000187d8     0x2733 zephyr/kernel/libkernel.a(thread.c.obj)
 .debug_info    0x000000000001af0b      0x220 zephyr/kernel/libkernel.a(idle.c.obj)
 .debug_info    0x000000000001b12b      0xb62 zephyr/kernel/libkernel.a(sem.c.obj)
 .debug_info    0x000000000001bc8d     0x4ac3 zephyr/kernel/libkernel.a(work.c.obj)
 .debug_info    0x0000000000020750     0x6825 zephyr/kernel/libkernel.a(sched.c.obj)
 .debug_info    0x0000000000026f75      0x139 zephyr/kernel/libkernel.a(xip.c.obj)
 .debug_info    0x00000000000270ae     0x1b4c zephyr/kernel/libkernel.a(timeout.c.obj)
 .debug_info    0x0000000000028bfa     0x1100 zephyr/kernel/libkernel.a(timer.c.obj)
 .debug_info    0x0000000000029cfa       0xc5 zephyr/kernel/libkernel.a(banner.c.obj)
 .debug_info    0x0000000000029dbf      0x740 zephyr/kernel/libkernel.a(system_work_q.c.obj)
 .debug_info    0x000000000002a4ff      0x180 zephyr/arch/common/libisr_tables.a(isr_tables.c.obj)

.debug_abbrev   0x0000000000000000     0x8022
 *(SORT_BY_ALIGNMENT(.debug_abbrev))
 .debug_abbrev  0x0000000000000000       0x64 zephyr/CMakeFiles/zephyr_pre1.dir/dev_handles.c.obj
 .debug_abbrev  0x0000000000000064       0x62 zephyr/CMakeFiles/offsets.dir/./arch/arm/core/offsets/offsets.c.obj
 .debug_abbrev  0x00000000000000c6      0x4bf app/libapp.a(main.c.obj)
 .debug_abbrev  0x0000000000000585      0x30a zephyr/libzephyr.a(printk.c.obj)
 .debug_abbrev  0x000000000000088f      0x23a zephyr/libzephyr.a(thread_entry.c.obj)
 .debug_abbrev  0x0000000000000ac9      0x3f8 zephyr/libzephyr.a(cbprintf_complete.c.obj)
 .debug_abbrev  0x0000000000000ec1       0x2e zephyr/libzephyr.a(configs.c.obj)
 .debug_abbrev  0x0000000000000eef       0x12 zephyr/arch/arch/arm/core/aarch32/libarch__arm__core__aarch32.a(cpu_idle.S.obj)
 .debug_abbrev  0x0000000000000f01      0x2bb zephyr/arch/arch/arm/core/aarch32/libarch__arm__core__aarch32.a(fatal.c.obj)
 .debug_abbrev  0x00000000000011bc      0x26f zephyr/arch/arch/arm/core/aarch32/libarch__arm__core__aarch32.a(irq_manage.c.obj)
 .debug_abbrev  0x000000000000142b       0x62 zephyr/arch/arch/arm/core/aarch32/libarch__arm__core__aarch32.a(nmi.c.obj)
 .debug_abbrev  0x000000000000148d       0x14 zephyr/arch/arch/arm/core/aarch32/libarch__arm__core__aarch32.a(nmi_on_reset.S.obj)
 .debug_abbrev  0x00000000000014a1      0x14f zephyr/arch/arch/arm/core/aarch32/libarch__arm__core__aarch32.a(prep_c.c.obj)
 .debug_abbrev  0x00000000000015f0      0x1d9 zephyr/arch/arch/arm/core/aarch32/libarch__arm__core__aarch32.a(swap.c.obj)
 .debug_abbrev  0x00000000000017c9       0x12 zephyr/arch/arch/arm/core/aarch32/libarch__arm__core__aarch32.a(swap_helper.S.obj)
 .debug_abbrev  0x00000000000017db      0x207 zephyr/arch/arch/arm/core/aarch32/libarch__arm__core__aarch32.a(thread.c.obj)
 .debug_abbrev  0x00000000000019e2       0x14 zephyr/arch/arch/arm/core/aarch32/libarch__arm__core__aarch32.a(isr_wrapper.S.obj)
 .debug_abbrev  0x00000000000019f6       0x14 zephyr/arch/arch/arm/core/aarch32/cortex_m/libarch__arm__core__aarch32__cortex_m.a(exc_exit.S.obj)
 .debug_abbrev  0x0000000000001a0a      0x380 zephyr/arch/arch/arm/core/aarch32/cortex_m/libarch__arm__core__aarch32__cortex_m.a(fault.c.obj)
 .debug_abbrev  0x0000000000001d8a       0x14 zephyr/arch/arch/arm/core/aarch32/cortex_m/libarch__arm__core__aarch32__cortex_m.a(fault_s.S.obj)
 .debug_abbrev  0x0000000000001d9e      0x15f zephyr/arch/arch/arm/core/aarch32/cortex_m/libarch__arm__core__aarch32__cortex_m.a(irq_init.c.obj)
 .debug_abbrev  0x0000000000001efd       0x14 zephyr/arch/arch/arm/core/aarch32/cortex_m/libarch__arm__core__aarch32__cortex_m.a(reset.S.obj)
 .debug_abbrev  0x0000000000001f11      0x224 zephyr/arch/arch/arm/core/aarch32/cortex_m/libarch__arm__core__aarch32__cortex_m.a(thread_abort.c.obj)
 .debug_abbrev  0x0000000000002135      0x182 zephyr/lib/libc/minimal/liblib__libc__minimal.a(string.c.obj)
 .debug_abbrev  0x00000000000022b7      0x2a2 zephyr/lib/libc/minimal/liblib__libc__minimal.a(stdout_console.c.obj)
 .debug_abbrev  0x0000000000002559      0x208 zephyr/soc/arm/rpi_pico/rp2/libsoc__arm__rpi_pico__rp2.a(soc.c.obj)
 .debug_abbrev  0x0000000000002761      0x392 zephyr/drivers/console/libdrivers__console.a(uart_console.c.obj)
 .debug_abbrev  0x0000000000002af3      0x4c6 zephyr/drivers/gpio/libdrivers__gpio.a(gpio_rpi_pico.c.obj)
 .debug_abbrev  0x0000000000002fb9      0x4a1 zephyr/drivers/serial/libdrivers__serial.a(uart_rpi_pico.c.obj)
 .debug_abbrev  0x000000000000345a      0x3f8 zephyr/drivers/timer/libdrivers__timer.a(cortex_m_systick.c.obj)
 .debug_abbrev  0x0000000000003852       0xe7 zephyr/drivers/pinctrl/libdrivers__pinctrl.a(common.c.obj)
 .debug_abbrev  0x0000000000003939      0x169 zephyr/drivers/pinctrl/libdrivers__pinctrl.a(pinctrl_rpi_pico.c.obj)
 .debug_abbrev  0x0000000000003aa2      0x2d2 zephyr/drivers/reset/libdrivers__reset.a(reset_rpi_pico.c.obj)
 .debug_abbrev  0x0000000000003d74      0x4a0 modules/hal_rpi_pico/libmodules__hal_rpi_pico.a(clocks.c.obj)
 .debug_abbrev  0x0000000000004214      0x1a8 modules/hal_rpi_pico/libmodules__hal_rpi_pico.a(pll.c.obj)
 .debug_abbrev  0x00000000000043bc      0x107 modules/hal_rpi_pico/libmodules__hal_rpi_pico.a(xosc.c.obj)
 .debug_abbrev  0x00000000000044c3      0x206 modules/hal_rpi_pico/libmodules__hal_rpi_pico.a(watchdog.c.obj)
 .debug_abbrev  0x00000000000046c9       0x95 modules/hal_rpi_pico/libmodules__hal_rpi_pico.a(platform.c.obj)
 .debug_abbrev  0x000000000000475e      0x356 modules/hal_rpi_pico/libmodules__hal_rpi_pico.a(gpio.c.obj)
 .debug_abbrev  0x0000000000004ab4      0x306 modules/hal_rpi_pico/libmodules__hal_rpi_pico.a(uart.c.obj)
 .debug_abbrev  0x0000000000004dba      0x2c6 zephyr/kernel/libkernel.a(device.c.obj)
 .debug_abbrev  0x0000000000005080      0x17c zephyr/kernel/libkernel.a(errno.c.obj)
 .debug_abbrev  0x00000000000051fc      0x416 zephyr/kernel/libkernel.a(fatal.c.obj)
 .debug_abbrev  0x0000000000005612      0x598 zephyr/kernel/libkernel.a(init.c.obj)
 .debug_abbrev  0x0000000000005baa      0x5ae zephyr/kernel/libkernel.a(thread.c.obj)
 .debug_abbrev  0x0000000000006158      0x147 zephyr/kernel/libkernel.a(idle.c.obj)
 .debug_abbrev  0x000000000000629f      0x321 zephyr/kernel/libkernel.a(sem.c.obj)
 .debug_abbrev  0x00000000000065c0      0x678 zephyr/kernel/libkernel.a(work.c.obj)
 .debug_abbrev  0x0000000000006c38      0x6c4 zephyr/kernel/libkernel.a(sched.c.obj)
 .debug_abbrev  0x00000000000072fc       0xc3 zephyr/kernel/libkernel.a(xip.c.obj)
 .debug_abbrev  0x00000000000073bf      0x4de zephyr/kernel/libkernel.a(timeout.c.obj)
 .debug_abbrev  0x000000000000789d      0x40e zephyr/kernel/libkernel.a(timer.c.obj)
 .debug_abbrev  0x0000000000007cab       0x8c zephyr/kernel/libkernel.a(banner.c.obj)
 .debug_abbrev  0x0000000000007d37      0x1ef zephyr/kernel/libkernel.a(system_work_q.c.obj)
 .debug_abbrev  0x0000000000007f26       0xfc zephyr/arch/common/libisr_tables.a(isr_tables.c.obj)

.debug_line     0x0000000000000000    0x142cf
 *(SORT_BY_ALIGNMENT(.debug_line) SORT_BY_ALIGNMENT(.debug_line.*) SORT_BY_ALIGNMENT(.debug_line_end))
 .debug_line    0x0000000000000000      0x113 zephyr/CMakeFiles/zephyr_pre1.dir/dev_handles.c.obj
 .debug_line    0x0000000000000113      0x16e zephyr/CMakeFiles/offsets.dir/./arch/arm/core/offsets/offsets.c.obj
 .debug_line    0x0000000000000281      0x68c app/libapp.a(main.c.obj)
 .debug_line    0x000000000000090d      0x482 zephyr/libzephyr.a(printk.c.obj)
 .debug_line    0x0000000000000d8f      0x35d zephyr/libzephyr.a(thread_entry.c.obj)
 .debug_line    0x00000000000010ec      0xcc6 zephyr/libzephyr.a(cbprintf_complete.c.obj)
 .debug_line    0x0000000000001db2      0x18a zephyr/libzephyr.a(configs.c.obj)
 .debug_line    0x0000000000001f3c       0xac zephyr/arch/arch/arm/core/aarch32/libarch__arm__core__aarch32.a(cpu_idle.S.obj)
 .debug_line    0x0000000000001fe8      0x322 zephyr/arch/arch/arm/core/aarch32/libarch__arm__core__aarch32.a(fatal.c.obj)
 .debug_line    0x000000000000230a      0x3c6 zephyr/arch/arch/arm/core/aarch32/libarch__arm__core__aarch32.a(irq_manage.c.obj)
 .debug_line    0x00000000000026d0       0xe1 zephyr/arch/arch/arm/core/aarch32/libarch__arm__core__aarch32.a(nmi.c.obj)
 .debug_line    0x00000000000027b1       0x80 zephyr/arch/arch/arm/core/aarch32/libarch__arm__core__aarch32.a(nmi_on_reset.S.obj)
 .debug_line    0x0000000000002831      0x26e zephyr/arch/arch/arm/core/aarch32/libarch__arm__core__aarch32.a(prep_c.c.obj)
 .debug_line    0x0000000000002a9f      0x3a1 zephyr/arch/arch/arm/core/aarch32/libarch__arm__core__aarch32.a(swap.c.obj)
 .debug_line    0x0000000000002e40       0xe9 zephyr/arch/arch/arm/core/aarch32/libarch__arm__core__aarch32.a(swap_helper.S.obj)
 .debug_line    0x0000000000002f29      0x3d4 zephyr/arch/arch/arm/core/aarch32/libarch__arm__core__aarch32.a(thread.c.obj)
 .debug_line    0x00000000000032fd       0x9d zephyr/arch/arch/arm/core/aarch32/libarch__arm__core__aarch32.a(isr_wrapper.S.obj)
 .debug_line    0x000000000000339a       0x94 zephyr/arch/arch/arm/core/aarch32/cortex_m/libarch__arm__core__aarch32__cortex_m.a(exc_exit.S.obj)
 .debug_line    0x000000000000342e      0x49e zephyr/arch/arch/arm/core/aarch32/cortex_m/libarch__arm__core__aarch32__cortex_m.a(fault.c.obj)
 .debug_line    0x00000000000038cc       0x8d zephyr/arch/arch/arm/core/aarch32/cortex_m/libarch__arm__core__aarch32__cortex_m.a(fault_s.S.obj)
 .debug_line    0x0000000000003959      0x244 zephyr/arch/arch/arm/core/aarch32/cortex_m/libarch__arm__core__aarch32__cortex_m.a(irq_init.c.obj)
 .debug_line    0x0000000000003b9d       0x92 zephyr/arch/arch/arm/core/aarch32/cortex_m/libarch__arm__core__aarch32__cortex_m.a(reset.S.obj)
 .debug_line    0x0000000000003c2f      0x452 zephyr/arch/arch/arm/core/aarch32/cortex_m/libarch__arm__core__aarch32__cortex_m.a(thread_abort.c.obj)
 .debug_line    0x0000000000004081      0x5da zephyr/lib/libc/minimal/liblib__libc__minimal.a(string.c.obj)
 .debug_line    0x000000000000465b      0x408 zephyr/lib/libc/minimal/liblib__libc__minimal.a(stdout_console.c.obj)
 .debug_line    0x0000000000004a63      0x4ee zephyr/soc/arm/rpi_pico/rp2/libsoc__arm__rpi_pico__rp2.a(soc.c.obj)
 .debug_line    0x0000000000004f51      0x365 zephyr/drivers/console/libdrivers__console.a(uart_console.c.obj)
 .debug_line    0x00000000000052b6      0xa78 zephyr/drivers/gpio/libdrivers__gpio.a(gpio_rpi_pico.c.obj)
 .debug_line    0x0000000000005d2e      0xaae zephyr/drivers/serial/libdrivers__serial.a(uart_rpi_pico.c.obj)
 .debug_line    0x00000000000067dc      0x7c4 zephyr/drivers/timer/libdrivers__timer.a(cortex_m_systick.c.obj)
 .debug_line    0x0000000000006fa0      0x1a2 zephyr/drivers/pinctrl/libdrivers__pinctrl.a(common.c.obj)
 .debug_line    0x0000000000007142      0x368 zephyr/drivers/pinctrl/libdrivers__pinctrl.a(pinctrl_rpi_pico.c.obj)
 .debug_line    0x00000000000074aa      0x494 zephyr/drivers/reset/libdrivers__reset.a(reset_rpi_pico.c.obj)
 .debug_line    0x000000000000793e      0xb5a modules/hal_rpi_pico/libmodules__hal_rpi_pico.a(clocks.c.obj)
 .debug_line    0x0000000000008498      0x5a1 modules/hal_rpi_pico/libmodules__hal_rpi_pico.a(pll.c.obj)
 .debug_line    0x0000000000008a39      0x2a7 modules/hal_rpi_pico/libmodules__hal_rpi_pico.a(xosc.c.obj)
 .debug_line    0x0000000000008ce0      0x495 modules/hal_rpi_pico/libmodules__hal_rpi_pico.a(watchdog.c.obj)